../Core/Src/main.c:90:5:main	24	static
../Core/Src/main.c:192:6:SystemClock_Config	120	static
../Core/Src/main.c:254:13:MX_SDMMC1_SD_Init	8	static
../Core/Src/main.c:285:13:MX_USART1_UART_Init	8	static
../Core/Src/main.c:333:13:MX_GPIO_Init	56	static
../Core/Src/main.c:391:5:__io_putchar	16	static
../Core/Src/main.c:401:13:goto_application	32	static,ignoring_inline_asm
../Core/Src/main.c:468:6:HAL_TIM_PeriodElapsedCallback	16	static
../Core/Src/main.c:485:6:Error_Handler	4	static,ignoring_inline_asm
