../Core/Src/main.c:86:5:main	16	static
../Core/Src/main.c:167:6:SystemClock_Config	120	static
../Core/Src/main.c:229:13:MX_SDMMC1_SD_Init	8	static
../Core/Src/main.c:260:13:MX_USART1_UART_Init	8	static
../Core/Src/main.c:308:13:MX_GPIO_Init	48	static
../Core/Src/main.c:359:5:__io_putchar	16	static
../Core/Src/main.c:369:13:goto_application	32	static,ignoring_inline_asm
../Core/Src/main.c:433:6:HAL_TIM_PeriodElapsedCallback	16	static
../Core/Src/main.c:450:6:Error_Handler	4	static,ignoring_inline_asm
