../Core/Src/sd_card.c:63:6:HAL_GPIO_EXTI_Callback	16	static
../Core/Src/sd_card.c:70:6:sd_init	8	static
../Core/Src/sd_card.c:86:6:sd_deinit	8	static
../Core/Src/sd_card.c:91:6:sd_fx_start	24	static
../Core/Src/sd_card.c:102:6:sd_fx_stop	8	static
../Core/Src/sd_card.c:108:6:sd_update_card_state	8	static
../Core/Src/sd_card.c:129:6:sd_print_to_file	32	static
../Core/Src/sd_card.c:144:6:sd_print_to_file_CR	32	static
../Core/Src/sd_card.c:164:6:sd_create_file	24	static
../Core/Src/sd_card.c:179:6:sd_fx_file_create	24	static
../Core/Src/sd_card.c:197:6:sd_fx_file_write	32	static
../Core/Src/sd_card.c:251:6:sd_fx_get_file_size	80	static
../Core/Src/sd_card.c:296:6:sd_fx_file_read	40	static
../Core/Src/sd_card.c:371:9:SD_IsDetected	24	static
