../Core/Src/sd_card.c:63:6:HAL_GPIO_EXTI_Callback	16	static
../Core/Src/sd_card.c:70:6:sd_init	8	static
../Core/Src/sd_card.c:84:6:sd_fx_start	24	static
../Core/Src/sd_card.c:95:6:sd_fx_stop	8	static
../Core/Src/sd_card.c:101:6:sd_update_card_state	8	static
../Core/Src/sd_card.c:122:6:sd_print_to_file	32	static
../Core/Src/sd_card.c:136:6:sd_print_to_file_CR	32	static
../Core/Src/sd_card.c:152:6:sd_create_file	24	static
../Core/Src/sd_card.c:167:6:sd_fx_file_create	24	static
../Core/Src/sd_card.c:185:6:sd_fx_file_write	32	static
../Core/Src/sd_card.c:244:9:SD_IsDetected	24	static
