Archive member included to satisfy reference by file (symbol)

c:/st/stm32cubeide_1.8.0/stm32cubeide/plugins/com.st.stm32cube.ide.mcu.externaltools.gnu-tools-for-stm32.10.3-2021.10.win32_1.0.200.202301161003/tools/bin/../lib/gcc/arm-none-eabi/10.3.1/../../../../arm-none-eabi/lib/thumb/v7e-m+dp/hard\libc_nano.a(lib_a-assert.o)
                              ./Core/Src/sd_card.o (__assert_func)
c:/st/stm32cubeide_1.8.0/stm32cubeide/plugins/com.st.stm32cube.ide.mcu.externaltools.gnu-tools-for-stm32.10.3-2021.10.win32_1.0.200.202301161003/tools/bin/../lib/gcc/arm-none-eabi/10.3.1/../../../../arm-none-eabi/lib/thumb/v7e-m+dp/hard\libc_nano.a(lib_a-errno.o)
                              ./Core/Src/syscalls.o (__errno)
c:/st/stm32cubeide_1.8.0/stm32cubeide/plugins/com.st.stm32cube.ide.mcu.externaltools.gnu-tools-for-stm32.10.3-2021.10.win32_1.0.200.202301161003/tools/bin/../lib/gcc/arm-none-eabi/10.3.1/../../../../arm-none-eabi/lib/thumb/v7e-m+dp/hard\libc_nano.a(lib_a-exit.o)
                              c:/st/stm32cubeide_1.8.0/stm32cubeide/plugins/com.st.stm32cube.ide.mcu.externaltools.gnu-tools-for-stm32.10.3-2021.10.win32_1.0.200.202301161003/tools/bin/../lib/gcc/arm-none-eabi/10.3.1/../../../../arm-none-eabi/lib/thumb/v7e-m+dp/hard/crt0.o (exit)
c:/st/stm32cubeide_1.8.0/stm32cubeide/plugins/com.st.stm32cube.ide.mcu.externaltools.gnu-tools-for-stm32.10.3-2021.10.win32_1.0.200.202301161003/tools/bin/../lib/gcc/arm-none-eabi/10.3.1/../../../../arm-none-eabi/lib/thumb/v7e-m+dp/hard\libc_nano.a(lib_a-fprintf.o)
                              c:/st/stm32cubeide_1.8.0/stm32cubeide/plugins/com.st.stm32cube.ide.mcu.externaltools.gnu-tools-for-stm32.10.3-2021.10.win32_1.0.200.202301161003/tools/bin/../lib/gcc/arm-none-eabi/10.3.1/../../../../arm-none-eabi/lib/thumb/v7e-m+dp/hard\libc_nano.a(lib_a-assert.o) (fiprintf)
c:/st/stm32cubeide_1.8.0/stm32cubeide/plugins/com.st.stm32cube.ide.mcu.externaltools.gnu-tools-for-stm32.10.3-2021.10.win32_1.0.200.202301161003/tools/bin/../lib/gcc/arm-none-eabi/10.3.1/../../../../arm-none-eabi/lib/thumb/v7e-m+dp/hard\libc_nano.a(lib_a-impure.o)
                              c:/st/stm32cubeide_1.8.0/stm32cubeide/plugins/com.st.stm32cube.ide.mcu.externaltools.gnu-tools-for-stm32.10.3-2021.10.win32_1.0.200.202301161003/tools/bin/../lib/gcc/arm-none-eabi/10.3.1/../../../../arm-none-eabi/lib/thumb/v7e-m+dp/hard\libc_nano.a(lib_a-exit.o) (_global_impure_ptr)
c:/st/stm32cubeide_1.8.0/stm32cubeide/plugins/com.st.stm32cube.ide.mcu.externaltools.gnu-tools-for-stm32.10.3-2021.10.win32_1.0.200.202301161003/tools/bin/../lib/gcc/arm-none-eabi/10.3.1/../../../../arm-none-eabi/lib/thumb/v7e-m+dp/hard\libc_nano.a(lib_a-init.o)
                              c:/st/stm32cubeide_1.8.0/stm32cubeide/plugins/com.st.stm32cube.ide.mcu.externaltools.gnu-tools-for-stm32.10.3-2021.10.win32_1.0.200.202301161003/tools/bin/../lib/gcc/arm-none-eabi/10.3.1/../../../../arm-none-eabi/lib/thumb/v7e-m+dp/hard/crt0.o (__libc_init_array)
c:/st/stm32cubeide_1.8.0/stm32cubeide/plugins/com.st.stm32cube.ide.mcu.externaltools.gnu-tools-for-stm32.10.3-2021.10.win32_1.0.200.202301161003/tools/bin/../lib/gcc/arm-none-eabi/10.3.1/../../../../arm-none-eabi/lib/thumb/v7e-m+dp/hard\libc_nano.a(lib_a-memcpy-stub.o)
                              ./Middlewares/FileX/File System/FileX/Core/fx_directory_create.o (memcpy)
c:/st/stm32cubeide_1.8.0/stm32cubeide/plugins/com.st.stm32cube.ide.mcu.externaltools.gnu-tools-for-stm32.10.3-2021.10.win32_1.0.200.202301161003/tools/bin/../lib/gcc/arm-none-eabi/10.3.1/../../../../arm-none-eabi/lib/thumb/v7e-m+dp/hard\libc_nano.a(lib_a-memset.o)
                              c:/st/stm32cubeide_1.8.0/stm32cubeide/plugins/com.st.stm32cube.ide.mcu.externaltools.gnu-tools-for-stm32.10.3-2021.10.win32_1.0.200.202301161003/tools/bin/../lib/gcc/arm-none-eabi/10.3.1/../../../../arm-none-eabi/lib/thumb/v7e-m+dp/hard/crt0.o (memset)
c:/st/stm32cubeide_1.8.0/stm32cubeide/plugins/com.st.stm32cube.ide.mcu.externaltools.gnu-tools-for-stm32.10.3-2021.10.win32_1.0.200.202301161003/tools/bin/../lib/gcc/arm-none-eabi/10.3.1/../../../../arm-none-eabi/lib/thumb/v7e-m+dp/hard\libc_nano.a(lib_a-nano-vfprintf.o)
                              c:/st/stm32cubeide_1.8.0/stm32cubeide/plugins/com.st.stm32cube.ide.mcu.externaltools.gnu-tools-for-stm32.10.3-2021.10.win32_1.0.200.202301161003/tools/bin/../lib/gcc/arm-none-eabi/10.3.1/../../../../arm-none-eabi/lib/thumb/v7e-m+dp/hard\libc_nano.a(lib_a-fprintf.o) (_vfprintf_r)
c:/st/stm32cubeide_1.8.0/stm32cubeide/plugins/com.st.stm32cube.ide.mcu.externaltools.gnu-tools-for-stm32.10.3-2021.10.win32_1.0.200.202301161003/tools/bin/../lib/gcc/arm-none-eabi/10.3.1/../../../../arm-none-eabi/lib/thumb/v7e-m+dp/hard\libc_nano.a(lib_a-nano-vfprintf_i.o)
[...]
Memory Configuration

Name             Origin             Length             Attributes
RAM_D1           0x0000000024000000 0x0000000000080000 xrw
FLASH            0x0000000008000000 0x0000000000020000 xr
DTCMRAM          0x0000000020000000 0x0000000000020000 xrw
RAM_D2           0x0000000030000000 0x0000000000048000 xrw
RAM_D3           0x0000000038000000 0x0000000000010000 xrw
ITCMRAM          0x0000000000000000 0x0000000000010000 xrw
*default*        0x0000000000000000 0xffffffffffffffff

Linker script and memory map

LOAD c:/st/stm32cubeide_1.8.0/stm32cubeide/plugins/com.st.stm32cube.ide.mcu.externaltools.gnu-tools-for-stm32.10.3-2021.10.win32_1.0.200.202301161003/tools/bin/../lib/gcc/arm-none-eabi/10.3.1/thumb/v7e-m+dp/hard/crti.o
LOAD c:/st/stm32cubeide_1.8.0/stm32cubeide/plugins/com.st.stm32cube.ide.mcu.externaltools.gnu-tools-for-stm32.10.3-2021.10.win32_1.0.200.202301161003/tools/bin/../lib/gcc/arm-none-eabi/10.3.1/thumb/v7e-m+dp/hard/crtbegin.o
LOAD c:/st/stm32cubeide_1.8.0/stm32cubeide/plugins/com.st.stm32cube.ide.mcu.externaltools.gnu-tools-for-stm32.10.3-2021.10.win32_1.0.200.202301161003/tools/bin/../lib/gcc/arm-none-eabi/10.3.1/../../../../arm-none-eabi/lib/thumb/v7e-m+dp/hard/crt0.o
LOAD ./AZURE_RTOS/App/app_azure_rtos.o
LOAD ./Common/Src/system_stm32h7xx_dualcore_boot_cm4_cm7.o
LOAD ./Core/Src/app_threadx.o
LOAD ./Core/Src/fw_update.o
LOAD ./Core/Src/main.o
LOAD ./Core/Src/sd_card.o
LOAD ./Core/Src/stm32h7xx_hal_msp.o
LOAD ./Core/Src/stm32h7xx_hal_timebase_tim.o
LOAD ./Core/Src/stm32h7xx_it.o
LOAD ./Core/Src/syscalls.o
LOAD ./Core/Src/sysmem.o
LOAD ./Core/Src/tx_initialize_low_level.o
LOAD ./Core/Src/utils.o
LOAD ./Core/Startup/startup_stm32h747xihx.o
LOAD ./Drivers/STM32H7xx_HAL_Driver/stm32h7xx_hal.o
LOAD ./Drivers/STM32H7xx_HAL_Driver/stm32h7xx_hal_cortex.o
LOAD ./Drivers/STM32H7xx_HAL_Driver/stm32h7xx_hal_dma.o
LOAD ./Drivers/STM32H7xx_HAL_Driver/stm32h7xx_hal_dma_ex.o
LOAD ./Drivers/STM32H7xx_HAL_Driver/stm32h7xx_hal_exti.o
LOAD ./Drivers/STM32H7xx_HAL_Driver/stm32h7xx_hal_flash.o
LOAD ./Drivers/STM32H7xx_HAL_Driver/stm32h7xx_hal_flash_ex.o
LOAD ./Drivers/STM32H7xx_HAL_Driver/stm32h7xx_hal_gpio.o
LOAD ./Drivers/STM32H7xx_HAL_Driver/stm32h7xx_hal_hsem.o
LOAD ./Drivers/STM32H7xx_HAL_Driver/stm32h7xx_hal_i2c.o
LOAD ./Drivers/STM32H7xx_HAL_Driver/stm32h7xx_hal_i2c_ex.o
LOAD ./Drivers/STM32H7xx_HAL_Driver/stm32h7xx_hal_mdma.o
LOAD ./Drivers/STM32H7xx_HAL_Driver/stm32h7xx_hal_pwr.o
LOAD ./Drivers/STM32H7xx_HAL_Driver/stm32h7xx_hal_pwr_ex.o
LOAD ./Drivers/STM32H7xx_HAL_Driver/stm32h7xx_hal_rcc.o
LOAD ./Drivers/STM32H7xx_HAL_Driver/stm32h7xx_hal_rcc_ex.o
LOAD ./Drivers/STM32H7xx_HAL_Driver/stm32h7xx_hal_sd.o
LOAD ./Drivers/STM32H7xx_HAL_Driver/stm32h7xx_hal_sd_ex.o
LOAD ./Drivers/STM32H7xx_HAL_Driver/stm32h7xx_hal_tim.o
LOAD ./Drivers/STM32H7xx_HAL_Driver/stm32h7xx_hal_tim_ex.o
LOAD ./Drivers/STM32H7xx_HAL_Driver/stm32h7xx_hal_uart.o
LOAD ./Drivers/STM32H7xx_HAL_Driver/stm32h7xx_hal_uart_ex.o
LOAD ./Drivers/STM32H7xx_HAL_Driver/stm32h7xx_ll_delayblock.o
LOAD ./Drivers/STM32H7xx_HAL_Driver/stm32h7xx_ll_sdmmc.o
LOAD ./FileX/App/app_filex.o
LOAD ./FileX/Target/fx_stm32_sd_driver_glue.o
LOAD ./Middlewares/FileX/File System/FileX/Core/fx_directory_attributes_read.o
LOAD ./Middlewares/FileX/File System/FileX/Core/fx_directory_attributes_set.o
LOAD ./Middlewares/FileX/File System/FileX/Core/fx_directory_create.o
LOAD ./Middlewares/FileX/File System/FileX/Core/fx_directory_default_get.o
LOAD ./Middlewares/FileX/File System/FileX/Core/fx_directory_default_get_copy.o
LOAD ./Middlewares/FileX/File System/FileX/Core/fx_directory_default_set.o
LOAD ./Middlewares/FileX/File System/FileX/Core/fx_directory_delete.o
LOAD ./Middlewares/FileX/File System/FileX/Core/fx_directory_entry_read.o
LOAD ./Middlewares/FileX/File System/FileX/Core/fx_directory_entry_write.o
LOAD ./Middlewares/FileX/File System/FileX/Core/fx_directory_exFAT_entry_read.o
LOAD ./Middlewares/FileX/File System/FileX/Core/fx_directory_exFAT_entry_write.o
LOAD ./Middlewares/FileX/File System/FileX/Core/fx_directory_exFAT_free_search.o
LOAD ./Middlewares/FileX/File System/FileX/Core/fx_directory_exFAT_unicode_entry_write.o
LOAD ./Middlewares/FileX/File System/FileX/Core/fx_directory_first_entry_find.o
LOAD ./Middlewares/FileX/File System/FileX/Core/fx_directory_first_full_entry_find.o
LOAD ./Middlewares/FileX/File System/FileX/Core/fx_directory_free_search.o
LOAD ./Middlewares/FileX/File System/FileX/Core/fx_directory_information_get.o
LOAD ./Middlewares/FileX/File System/FileX/Core/fx_directory_local_path_clear.o
LOAD ./Middlewares/FileX/File System/FileX/Core/fx_directory_local_path_get.o
LOAD ./Middlewares/FileX/File System/FileX/Core/fx_directory_local_path_get_copy.o
LOAD ./Middlewares/FileX/File System/FileX/Core/fx_directory_local_path_restore.o
LOAD ./Middlewares/FileX/File System/FileX/Core/fx_directory_local_path_set.o
LOAD ./Middlewares/FileX/File System/FileX/Core/fx_directory_long_name_get.o
LOAD ./Middlewares/FileX/File System/FileX/Core/fx_directory_long_name_get_extended.o
LOAD ./Middlewares/FileX/File System/FileX/Core/fx_directory_name_extract.o
LOAD ./Middlewares/FileX/File System/FileX/Core/fx_directory_name_test.o
LOAD ./Middlewares/FileX/File System/FileX/Core/fx_directory_next_entry_find.o
LOAD ./Middlewares/FileX/File System/FileX/Core/fx_directory_next_full_entry_find.o
LOAD ./Middlewares/FileX/File System/FileX/Core/fx_directory_rename.o
LOAD ./Middlewares/FileX/File System/FileX/Core/fx_directory_search.o
LOAD ./Middlewares/FileX/File System/FileX/Core/fx_directory_short_name_get.o
LOAD ./Middlewares/FileX/File System/FileX/Core/fx_directory_short_name_get_extended.o
LOAD ./Middlewares/FileX/File System/FileX/Core/fx_fault_tolerant_add_FAT_log.o
LOAD ./Middlewares/FileX/File System/FileX/Core/fx_fault_tolerant_add_bitmap_log.o
LOAD ./Middlewares/FileX/File System/FileX/Core/fx_fault_tolerant_add_checksum_log.o
LOAD ./Middlewares/FileX/File System/FileX/Core/fx_fault_tolerant_add_dir_log.o
LOAD ./Middlewares/FileX/File System/FileX/Core/fx_fault_tolerant_apply_logs.o
LOAD ./Middlewares/FileX/File System/FileX/Core/fx_fault_tolerant_calculate_checksum.o
LOAD ./Middlewares/FileX/File System/FileX/Core/fx_fault_tolerant_cleanup_FAT_chain.o
LOAD ./Middlewares/FileX/File System/FileX/Core/fx_fault_tolerant_create_log_file.o
LOAD ./Middlewares/FileX/File System/FileX/Core/fx_fault_tolerant_enable.o
LOAD ./Middlewares/FileX/File System/FileX/Core/fx_fault_tolerant_read_FAT.o
LOAD ./Middlewares/FileX/File System/FileX/Core/fx_fault_tolerant_read_directory_sector.o
LOAD ./Middlewares/FileX/File System/FileX/Core/fx_fault_tolerant_read_log_file.o
LOAD ./Middlewares/FileX/File System/FileX/Core/fx_fault_tolerant_recover.o
LOAD ./Middlewares/FileX/File System/FileX/Core/fx_fault_tolerant_reset_log_file.o
LOAD ./Middlewares/FileX/File System/FileX/Core/fx_fault_tolerant_set_FAT_chain.o
LOAD ./Middlewares/FileX/File System/FileX/Core/fx_fault_tolerant_transaction_end.o
LOAD ./Middlewares/FileX/File System/FileX/Core/fx_fault_tolerant_transaction_fail.o
LOAD ./Middlewares/FileX/File System/FileX/Core/fx_fault_tolerant_transaction_start.o
LOAD ./Middlewares/FileX/File System/FileX/Core/fx_fault_tolerant_write_log_file.o
LOAD ./Middlewares/FileX/File System/FileX/Core/fx_file_allocate.o
LOAD ./Middlewares/FileX/File System/FileX/Core/fx_file_attributes_read.o
LOAD ./Middlewares/FileX/File System/FileX/Core/fx_file_attributes_set.o
LOAD ./Middlewares/FileX/File System/FileX/Core/fx_file_best_effort_allocate.o
LOAD ./Middlewares/FileX/File System/FileX/Core/fx_file_close.o
LOAD ./Middlewares/FileX/File System/FileX/Core/fx_file_create.o
LOAD ./Middlewares/FileX/File System/FileX/Core/fx_file_date_time_set.o
LOAD ./Middlewares/FileX/File System/FileX/Core/fx_file_delete.o
LOAD ./Middlewares/FileX/File System/FileX/Core/fx_file_extended_allocate.o
LOAD ./Middlewares/FileX/File System/FileX/Core/fx_file_extended_best_effort_allocate.o
LOAD ./Middlewares/FileX/File System/FileX/Core/fx_file_extended_relative_seek.o
LOAD ./Middlewares/FileX/File System/FileX/Core/fx_file_extended_seek.o
LOAD ./Middlewares/FileX/File System/FileX/Core/fx_file_extended_truncate.o
LOAD ./Middlewares/FileX/File System/FileX/Core/fx_file_extended_truncate_release.o
LOAD ./Middlewares/FileX/File System/FileX/Core/fx_file_open.o
LOAD ./Middlewares/FileX/File System/FileX/Core/fx_file_read.o
LOAD ./Middlewares/FileX/File System/FileX/Core/fx_file_relative_seek.o
LOAD ./Middlewares/FileX/File System/FileX/Core/fx_file_rename.o
LOAD ./Middlewares/FileX/File System/FileX/Core/fx_file_seek.o
LOAD ./Middlewares/FileX/File System/FileX/Core/fx_file_truncate.o
LOAD ./Middlewares/FileX/File System/FileX/Core/fx_file_truncate_release.o
LOAD ./Middlewares/FileX/File System/FileX/Core/fx_file_write.o
LOAD ./Middlewares/FileX/File System/FileX/Core/fx_file_write_notify_set.o
LOAD ./Middlewares/FileX/File System/FileX/Core/fx_media_abort.o
LOAD ./Middlewares/FileX/File System/FileX/Core/fx_media_boot_info_extract.o
LOAD ./Middlewares/FileX/File System/FileX/Core/fx_media_cache_invalidate.o
LOAD ./Middlewares/FileX/File System/FileX/Core/fx_media_check.o
LOAD ./Middlewares/FileX/File System/FileX/Core/fx_media_check_FAT_chain_check.o
LOAD ./Middlewares/FileX/File System/FileX/Core/fx_media_check_lost_cluster_check.o
LOAD ./Middlewares/FileX/File System/FileX/Core/fx_media_close.o
LOAD ./Middlewares/FileX/File System/FileX/Core/fx_media_close_notify_set.o
LOAD ./Middlewares/FileX/File System/FileX/Core/fx_media_exFAT_format.o
LOAD ./Middlewares/FileX/File System/FileX/Core/fx_media_extended_space_available.o
LOAD ./Middlewares/FileX/File System/FileX/Core/fx_media_flush.o
LOAD ./Middlewares/FileX/File System/FileX/Core/fx_media_format.o
LOAD ./Middlewares/FileX/File System/FileX/Core/fx_media_format_oem_name_set.o
LOAD ./Middlewares/FileX/File System/FileX/Core/fx_media_format_type_set.o
LOAD ./Middlewares/FileX/File System/FileX/Core/fx_media_format_volume_id_set.o
LOAD ./Middlewares/FileX/File System/FileX/Core/fx_media_open.o
LOAD ./Middlewares/FileX/File System/FileX/Core/fx_media_open_notify_set.o
LOAD ./Middlewares/FileX/File System/FileX/Core/fx_media_read.o
LOAD ./Middlewares/FileX/File System/FileX/Core/fx_media_space_available.o
LOAD ./Middlewares/FileX/File System/FileX/Core/fx_media_volume_get.o
LOAD ./Middlewares/FileX/File System/FileX/Core/fx_media_volume_get_extended.o
LOAD ./Middlewares/FileX/File System/FileX/Core/fx_media_volume_set.o
LOAD ./Middlewares/FileX/File System/FileX/Core/fx_media_write.o
LOAD ./Middlewares/FileX/File System/FileX/Core/fx_partition_offset_calculate.o
LOAD ./Middlewares/FileX/File System/FileX/Core/fx_system_date_get.o
LOAD ./Middlewares/FileX/File System/FileX/Core/fx_system_date_set.o
LOAD ./Middlewares/FileX/File System/FileX/Core/fx_system_initialize.o
LOAD ./Middlewares/FileX/File System/FileX/Core/fx_system_time_get.o
LOAD ./Middlewares/FileX/File System/FileX/Core/fx_system_time_set.o
LOAD ./Middlewares/FileX/File System/FileX/Core/fx_system_timer_entry.o
LOAD ./Middlewares/FileX/File System/FileX/Core/fx_unicode_directory_create.o
LOAD ./Middlewares/FileX/File System/FileX/Core/fx_unicode_directory_entry_change.o
LOAD ./Middlewares/FileX/File System/FileX/Core/fx_unicode_directory_entry_read.o
LOAD ./Middlewares/FileX/File System/FileX/Core/fx_unicode_directory_rename.o
LOAD ./Middlewares/FileX/File System/FileX/Core/fx_unicode_directory_search.o
LOAD ./Middlewares/FileX/File System/FileX/Core/fx_unicode_file_create.o
LOAD ./Middlewares/FileX/File System/FileX/Core/fx_unicode_file_rename.o
LOAD ./Middlewares/FileX/File System/FileX/Core/fx_unicode_length_get.o
LOAD ./Middlewares/FileX/File System/FileX/Core/fx_unicode_length_get_extended.o
LOAD ./Middlewares/FileX/File System/FileX/Core/fx_unicode_name_get.o
LOAD ./Middlewares/FileX/File System/FileX/Core/fx_unicode_name_get_extended.o
LOAD ./Middlewares/FileX/File System/FileX/Core/fx_unicode_short_name_get.o
LOAD ./Middlewares/FileX/File System/FileX/Core/fx_unicode_short_name_get_extended.o
LOAD ./Middlewares/FileX/File System/FileX/Core/fx_utility_16_unsigned_read.o
LOAD ./Middlewares/FileX/File System/FileX/Core/fx_utility_16_unsigned_write.o
LOAD ./Middlewares/FileX/File System/FileX/Core/fx_utility_32_unsigned_read.o
LOAD ./Middlewares/FileX/File System/FileX/Core/fx_utility_32_unsigned_write.o
LOAD ./Middlewares/FileX/File System/FileX/Core/fx_utility_64_unsigned_read.o
LOAD ./Middlewares/FileX/File System/FileX/Core/fx_utility_64_unsigned_write.o
LOAD ./Middlewares/FileX/File System/FileX/Core/fx_utility_FAT_entry_read.o
LOAD ./Middlewares/FileX/File System/FileX/Core/fx_utility_FAT_entry_write.o
LOAD ./Middlewares/FileX/File System/FileX/Core/fx_utility_FAT_flush.o
LOAD ./Middlewares/FileX/File System/FileX/Core/fx_utility_FAT_map_flush.o
LOAD ./Middlewares/FileX/File System/FileX/Core/fx_utility_FAT_sector_get.o
LOAD ./Middlewares/FileX/File System/FileX/Core/fx_utility_absolute_path_get.o
LOAD ./Middlewares/FileX/File System/FileX/Core/fx_utility_exFAT_allocate_new_cluster.o
LOAD ./Middlewares/FileX/File System/FileX/Core/fx_utility_exFAT_bitmap_cache_prepare.o
LOAD ./Middlewares/FileX/File System/FileX/Core/fx_utility_exFAT_bitmap_cache_update.o
LOAD ./Middlewares/FileX/File System/FileX/Core/fx_utility_exFAT_bitmap_flush.o
LOAD ./Middlewares/FileX/File System/FileX/Core/fx_utility_exFAT_bitmap_free_cluster_find.o
LOAD ./Middlewares/FileX/File System/FileX/Core/fx_utility_exFAT_bitmap_initialize.o
LOAD ./Middlewares/FileX/File System/FileX/Core/fx_utility_exFAT_bitmap_start_sector_get.o
LOAD ./Middlewares/FileX/File System/FileX/Core/fx_utility_exFAT_cluster_free.o
LOAD ./Middlewares/FileX/File System/FileX/Core/fx_utility_exFAT_cluster_state_get.o
LOAD ./Middlewares/FileX/File System/FileX/Core/fx_utility_exFAT_cluster_state_set.o
LOAD ./Middlewares/FileX/File System/FileX/Core/fx_utility_exFAT_geometry_check.o
LOAD ./Middlewares/FileX/File System/FileX/Core/fx_utility_exFAT_name_hash_get.o
LOAD ./Middlewares/FileX/File System/FileX/Core/fx_utility_exFAT_size_calculate.o
LOAD ./Middlewares/FileX/File System/FileX/Core/fx_utility_exFAT_system_area_checksum_verify.o
LOAD ./Middlewares/FileX/File System/FileX/Core/fx_utility_exFAT_system_area_checksum_write.o
LOAD ./Middlewares/FileX/File System/FileX/Core/fx_utility_exFAT_system_area_format.o
LOAD ./Middlewares/FileX/File System/FileX/Core/fx_utility_exFAT_system_sector_write.o
LOAD ./Middlewares/FileX/File System/FileX/Core/fx_utility_exFAT_unicode_name_hash_get.o
LOAD ./Middlewares/FileX/File System/FileX/Core/fx_utility_exFAT_upcase_table.o
LOAD ./Middlewares/FileX/File System/FileX/Core/fx_utility_logical_sector_cache_entry_read.o
LOAD ./Middlewares/FileX/File System/FileX/Core/fx_utility_logical_sector_flush.o
LOAD ./Middlewares/FileX/File System/FileX/Core/fx_utility_logical_sector_read.o
LOAD ./Middlewares/FileX/File System/FileX/Core/fx_utility_logical_sector_write.o
LOAD ./Middlewares/FileX/File System/FileX/Core/fx_utility_memory_copy.o
LOAD ./Middlewares/FileX/File System/FileX/Core/fx_utility_memory_set.o
LOAD ./Middlewares/FileX/File System/FileX/Core/fx_utility_string_length_get.o
LOAD ./Middlewares/FileX/File System/FileX/Core/fx_utility_token_length_get.o
LOAD ./Middlewares/FileX/File System/FileX/Core/fxe_directory_attributes_read.o
LOAD ./Middlewares/FileX/File System/FileX/Core/fxe_directory_attributes_set.o
LOAD ./Middlewares/FileX/File System/FileX/Core/fxe_directory_create.o
LOAD ./Middlewares/FileX/File System/FileX/Core/fxe_directory_default_get.o
LOAD ./Middlewares/FileX/File System/FileX/Core/fxe_directory_default_get_copy.o
LOAD ./Middlewares/FileX/File System/FileX/Core/fxe_directory_default_set.o
LOAD ./Middlewares/FileX/File System/FileX/Core/fxe_directory_delete.o
LOAD ./Middlewares/FileX/File System/FileX/Core/fxe_directory_first_entry_find.o
LOAD ./Middlewares/FileX/File System/FileX/Core/fxe_directory_first_full_entry_find.o
LOAD ./Middlewares/FileX/File System/FileX/Core/fxe_directory_information_get.o
LOAD ./Middlewares/FileX/File System/FileX/Core/fxe_directory_local_path_clear.o
LOAD ./Middlewares/FileX/File System/FileX/Core/fxe_directory_local_path_get.o
LOAD ./Middlewares/FileX/File System/FileX/Core/fxe_directory_local_path_get_copy.o
LOAD ./Middlewares/FileX/File System/FileX/Core/fxe_directory_local_path_restore.o
LOAD ./Middlewares/FileX/File System/FileX/Core/fxe_directory_local_path_set.o
LOAD ./Middlewares/FileX/File System/FileX/Core/fxe_directory_long_name_get.o
LOAD ./Middlewares/FileX/File System/FileX/Core/fxe_directory_long_name_get_extended.o
LOAD ./Middlewares/FileX/File System/FileX/Core/fxe_directory_name_test.o
LOAD ./Middlewares/FileX/File System/FileX/Core/fxe_directory_next_entry_find.o
LOAD ./Middlewares/FileX/File System/FileX/Core/fxe_directory_next_full_entry_find.o
LOAD ./Middlewares/FileX/File System/FileX/Core/fxe_directory_rename.o
LOAD ./Middlewares/FileX/File System/FileX/Core/fxe_directory_short_name_get.o
LOAD ./Middlewares/FileX/File System/FileX/Core/fxe_directory_short_name_get_extended.o
LOAD ./Middlewares/FileX/File System/FileX/Core/fxe_fault_tolerant_enable.o
LOAD ./Middlewares/FileX/File System/FileX/Core/fxe_file_allocate.o
LOAD ./Middlewares/FileX/File System/FileX/Core/fxe_file_attributes_read.o
LOAD ./Middlewares/FileX/File System/FileX/Core/fxe_file_attributes_set.o
LOAD ./Middlewares/FileX/File System/FileX/Core/fxe_file_best_effort_allocate.o
LOAD ./Middlewares/FileX/File System/FileX/Core/fxe_file_close.o
LOAD ./Middlewares/FileX/File System/FileX/Core/fxe_file_create.o
LOAD ./Middlewares/FileX/File System/FileX/Core/fxe_file_date_time_set.o
LOAD ./Middlewares/FileX/File System/FileX/Core/fxe_file_delete.o
LOAD ./Middlewares/FileX/File System/FileX/Core/fxe_file_extended_allocate.o
LOAD ./Middlewares/FileX/File System/FileX/Core/fxe_file_extended_best_effort_allocate.o
LOAD ./Middlewares/FileX/File System/FileX/Core/fxe_file_extended_relative_seek.o
LOAD ./Middlewares/FileX/File System/FileX/Core/fxe_file_extended_seek.o
LOAD ./Middlewares/FileX/File System/FileX/Core/fxe_file_extended_truncate.o
LOAD ./Middlewares/FileX/File System/FileX/Core/fxe_file_extended_truncate_release.o
LOAD ./Middlewares/FileX/File System/FileX/Core/fxe_file_open.o
LOAD ./Middlewares/FileX/File System/FileX/Core/fxe_file_read.o
LOAD ./Middlewares/FileX/File System/FileX/Core/fxe_file_relative_seek.o
LOAD ./Middlewares/FileX/File System/FileX/Core/fxe_file_rename.o
LOAD ./Middlewares/FileX/File System/FileX/Core/fxe_file_seek.o
LOAD ./Middlewares/FileX/File System/FileX/Core/fxe_file_truncate.o
LOAD ./Middlewares/FileX/File System/FileX/Core/fxe_file_truncate_release.o
LOAD ./Middlewares/FileX/File System/FileX/Core/fxe_file_write.o
LOAD ./Middlewares/FileX/File System/FileX/Core/fxe_file_write_notify_set.o
LOAD ./Middlewares/FileX/File System/FileX/Core/fxe_media_abort.o
LOAD ./Middlewares/FileX/File System/FileX/Core/fxe_media_cache_invalidate.o
LOAD ./Middlewares/FileX/File System/FileX/Core/fxe_media_check.o
LOAD ./Middlewares/FileX/File System/FileX/Core/fxe_media_close.o
LOAD ./Middlewares/FileX/File System/FileX/Core/fxe_media_close_notify_set.o
LOAD ./Middlewares/FileX/File System/FileX/Core/fxe_media_exFAT_format.o
LOAD ./Middlewares/FileX/File System/FileX/Core/fxe_media_extended_space_available.o
LOAD ./Middlewares/FileX/File System/FileX/Core/fxe_media_flush.o
LOAD ./Middlewares/FileX/File System/FileX/Core/fxe_media_format.o
LOAD ./Middlewares/FileX/File System/FileX/Core/fxe_media_open.o
LOAD ./Middlewares/FileX/File System/FileX/Core/fxe_media_open_notify_set.o
LOAD ./Middlewares/FileX/File System/FileX/Core/fxe_media_read.o
LOAD ./Middlewares/FileX/File System/FileX/Core/fxe_media_space_available.o
LOAD ./Middlewares/FileX/File System/FileX/Core/fxe_media_volume_get.o
LOAD ./Middlewares/FileX/File System/FileX/Core/fxe_media_volume_get_extended.o
LOAD ./Middlewares/FileX/File System/FileX/Core/fxe_media_volume_set.o
LOAD ./Middlewares/FileX/File System/FileX/Core/fxe_media_write.o
LOAD ./Middlewares/FileX/File System/FileX/Core/fxe_system_date_get.o
LOAD ./Middlewares/FileX/File System/FileX/Core/fxe_system_date_set.o
LOAD ./Middlewares/FileX/File System/FileX/Core/fxe_system_time_get.o
LOAD ./Middlewares/FileX/File System/FileX/Core/fxe_system_time_set.o
LOAD ./Middlewares/FileX/File System/FileX/Core/fxe_unicode_directory_create.o
LOAD ./Middlewares/FileX/File System/FileX/Core/fxe_unicode_directory_rename.o
LOAD ./Middlewares/FileX/File System/FileX/Core/fxe_unicode_file_create.o
LOAD ./Middlewares/FileX/File System/FileX/Core/fxe_unicode_file_rename.o
LOAD ./Middlewares/FileX/File System/FileX/Core/fxe_unicode_name_get.o
LOAD ./Middlewares/FileX/File System/FileX/Core/fxe_unicode_name_get_extended.o
LOAD ./Middlewares/FileX/File System/FileX/Core/fxe_unicode_short_name_get.o
LOAD ./Middlewares/FileX/File System/FileX/Core/fxe_unicode_short_name_get_extended.o
LOAD ./Middlewares/Interfaces/File System/FileX SD interface/fx_stm32_sd_driver.o
LOAD ./Middlewares/ThreadX/RTOS/ThreadX/Core/tx_block_allocate.o
LOAD ./Middlewares/ThreadX/RTOS/ThreadX/Core/tx_block_pool_cleanup.o
LOAD ./Middlewares/ThreadX/RTOS/ThreadX/Core/tx_block_pool_create.o
LOAD ./Middlewares/ThreadX/RTOS/ThreadX/Core/tx_block_pool_delete.o
LOAD ./Middlewares/ThreadX/RTOS/ThreadX/Core/tx_block_pool_info_get.o
LOAD ./Middlewares/ThreadX/RTOS/ThreadX/Core/tx_block_pool_initialize.o
LOAD ./Middlewares/ThreadX/RTOS/ThreadX/Core/tx_block_pool_prioritize.o
LOAD ./Middlewares/ThreadX/RTOS/ThreadX/Core/tx_block_release.o
LOAD ./Middlewares/ThreadX/RTOS/ThreadX/Core/tx_byte_allocate.o
LOAD ./Middlewares/ThreadX/RTOS/ThreadX/Core/tx_byte_pool_cleanup.o
LOAD ./Middlewares/ThreadX/RTOS/ThreadX/Core/tx_byte_pool_create.o
LOAD ./Middlewares/ThreadX/RTOS/ThreadX/Core/tx_byte_pool_delete.o
LOAD ./Middlewares/ThreadX/RTOS/ThreadX/Core/tx_byte_pool_info_get.o
LOAD ./Middlewares/ThreadX/RTOS/ThreadX/Core/tx_byte_pool_initialize.o
LOAD ./Middlewares/ThreadX/RTOS/ThreadX/Core/tx_byte_pool_prioritize.o
LOAD ./Middlewares/ThreadX/RTOS/ThreadX/Core/tx_byte_pool_search.o
LOAD ./Middlewares/ThreadX/RTOS/ThreadX/Core/tx_byte_release.o
LOAD ./Middlewares/ThreadX/RTOS/ThreadX/Core/tx_event_flags_cleanup.o
LOAD ./Middlewares/ThreadX/RTOS/ThreadX/Core/tx_event_flags_create.o
LOAD ./Middlewares/ThreadX/RTOS/ThreadX/Core/tx_event_flags_delete.o
LOAD ./Middlewares/ThreadX/RTOS/ThreadX/Core/tx_event_flags_get.o
LOAD ./Middlewares/ThreadX/RTOS/ThreadX/Core/tx_event_flags_info_get.o
LOAD ./Middlewares/ThreadX/RTOS/ThreadX/Core/tx_event_flags_initialize.o
LOAD ./Middlewares/ThreadX/RTOS/ThreadX/Core/tx_event_flags_set.o
LOAD ./Middlewares/ThreadX/RTOS/ThreadX/Core/tx_event_flags_set_notify.o
LOAD ./Middlewares/ThreadX/RTOS/ThreadX/Core/tx_initialize_high_level.o
LOAD ./Middlewares/ThreadX/RTOS/ThreadX/Core/tx_initialize_kernel_enter.o
LOAD ./Middlewares/ThreadX/RTOS/ThreadX/Core/tx_initialize_kernel_setup.o
LOAD ./Middlewares/ThreadX/RTOS/ThreadX/Core/tx_mutex_cleanup.o
LOAD ./Middlewares/ThreadX/RTOS/ThreadX/Core/tx_mutex_create.o
LOAD ./Middlewares/ThreadX/RTOS/ThreadX/Core/tx_mutex_delete.o
LOAD ./Middlewares/ThreadX/RTOS/ThreadX/Core/tx_mutex_get.o
LOAD ./Middlewares/ThreadX/RTOS/ThreadX/Core/tx_mutex_info_get.o
LOAD ./Middlewares/ThreadX/RTOS/ThreadX/Core/tx_mutex_initialize.o
LOAD ./Middlewares/ThreadX/RTOS/ThreadX/Core/tx_mutex_prioritize.o
LOAD ./Middlewares/ThreadX/RTOS/ThreadX/Core/tx_mutex_priority_change.o
LOAD ./Middlewares/ThreadX/RTOS/ThreadX/Core/tx_mutex_put.o
LOAD ./Middlewares/ThreadX/RTOS/ThreadX/Core/tx_queue_cleanup.o
LOAD ./Middlewares/ThreadX/RTOS/ThreadX/Core/tx_queue_create.o
LOAD ./Middlewares/ThreadX/RTOS/ThreadX/Core/tx_queue_delete.o
LOAD ./Middlewares/ThreadX/RTOS/ThreadX/Core/tx_queue_flush.o
LOAD ./Middlewares/ThreadX/RTOS/ThreadX/Core/tx_queue_front_send.o
LOAD ./Middlewares/ThreadX/RTOS/ThreadX/Core/tx_queue_info_get.o
LOAD ./Middlewares/ThreadX/RTOS/ThreadX/Core/tx_queue_initialize.o
LOAD ./Middlewares/ThreadX/RTOS/ThreadX/Core/tx_queue_prioritize.o
LOAD ./Middlewares/ThreadX/RTOS/ThreadX/Core/tx_queue_receive.o
LOAD ./Middlewares/ThreadX/RTOS/ThreadX/Core/tx_queue_send.o
LOAD ./Middlewares/ThreadX/RTOS/ThreadX/Core/tx_queue_send_notify.o
LOAD ./Middlewares/ThreadX/RTOS/ThreadX/Core/tx_semaphore_ceiling_put.o
LOAD ./Middlewares/ThreadX/RTOS/ThreadX/Core/tx_semaphore_cleanup.o
LOAD ./Middlewares/ThreadX/RTOS/ThreadX/Core/tx_semaphore_create.o
LOAD ./Middlewares/ThreadX/RTOS/ThreadX/Core/tx_semaphore_delete.o
LOAD ./Middlewares/ThreadX/RTOS/ThreadX/Core/tx_semaphore_get.o
LOAD ./Middlewares/ThreadX/RTOS/ThreadX/Core/tx_semaphore_info_get.o
LOAD ./Middlewares/ThreadX/RTOS/ThreadX/Core/tx_semaphore_initialize.o
LOAD ./Middlewares/ThreadX/RTOS/ThreadX/Core/tx_semaphore_prioritize.o
LOAD ./Middlewares/ThreadX/RTOS/ThreadX/Core/tx_semaphore_put.o
LOAD ./Middlewares/ThreadX/RTOS/ThreadX/Core/tx_semaphore_put_notify.o
LOAD ./Middlewares/ThreadX/RTOS/ThreadX/Core/tx_thread_context_restore.o
LOAD ./Middlewares/ThreadX/RTOS/ThreadX/Core/tx_thread_context_save.o
LOAD ./Middlewares/ThreadX/RTOS/ThreadX/Core/tx_thread_create.o
LOAD ./Middlewares/ThreadX/RTOS/ThreadX/Core/tx_thread_delete.o
LOAD ./Middlewares/ThreadX/RTOS/ThreadX/Core/tx_thread_entry_exit_notify.o
LOAD ./Middlewares/ThreadX/RTOS/ThreadX/Core/tx_thread_identify.o
LOAD ./Middlewares/ThreadX/RTOS/ThreadX/Core/tx_thread_info_get.o
LOAD ./Middlewares/ThreadX/RTOS/ThreadX/Core/tx_thread_initialize.o
LOAD ./Middlewares/ThreadX/RTOS/ThreadX/Core/tx_thread_interrupt_control.o
LOAD ./Middlewares/ThreadX/RTOS/ThreadX/Core/tx_thread_interrupt_disable.o
LOAD ./Middlewares/ThreadX/RTOS/ThreadX/Core/tx_thread_interrupt_restore.o
LOAD ./Middlewares/ThreadX/RTOS/ThreadX/Core/tx_thread_preemption_change.o
LOAD ./Middlewares/ThreadX/RTOS/ThreadX/Core/tx_thread_priority_change.o
LOAD ./Middlewares/ThreadX/RTOS/ThreadX/Core/tx_thread_relinquish.o
LOAD ./Middlewares/ThreadX/RTOS/ThreadX/Core/tx_thread_reset.o
LOAD ./Middlewares/ThreadX/RTOS/ThreadX/Core/tx_thread_resume.o
LOAD ./Middlewares/ThreadX/RTOS/ThreadX/Core/tx_thread_schedule.o
LOAD ./Middlewares/ThreadX/RTOS/ThreadX/Core/tx_thread_shell_entry.o
LOAD ./Middlewares/ThreadX/RTOS/ThreadX/Core/tx_thread_sleep.o
LOAD ./Middlewares/ThreadX/RTOS/ThreadX/Core/tx_thread_stack_analyze.o
LOAD ./Middlewares/ThreadX/RTOS/ThreadX/Core/tx_thread_stack_build.o
LOAD ./Middlewares/ThreadX/RTOS/ThreadX/Core/tx_thread_stack_error_handler.o
LOAD ./Middlewares/ThreadX/RTOS/ThreadX/Core/tx_thread_stack_error_notify.o
LOAD ./Middlewares/ThreadX/RTOS/ThreadX/Core/tx_thread_suspend.o
LOAD ./Middlewares/ThreadX/RTOS/ThreadX/Core/tx_thread_system_preempt_check.o
LOAD ./Middlewares/ThreadX/RTOS/ThreadX/Core/tx_thread_system_resume.o
LOAD ./Middlewares/ThreadX/RTOS/ThreadX/Core/tx_thread_system_return.o
LOAD ./Middlewares/ThreadX/RTOS/ThreadX/Core/tx_thread_system_suspend.o
LOAD ./Middlewares/ThreadX/RTOS/ThreadX/Core/tx_thread_terminate.o
LOAD ./Middlewares/ThreadX/RTOS/ThreadX/Core/tx_thread_time_slice.o
LOAD ./Middlewares/ThreadX/RTOS/ThreadX/Core/tx_thread_time_slice_change.o
LOAD ./Middlewares/ThreadX/RTOS/ThreadX/Core/tx_thread_timeout.o
LOAD ./Middlewares/ThreadX/RTOS/ThreadX/Core/tx_thread_wait_abort.o
LOAD ./Middlewares/ThreadX/RTOS/ThreadX/Core/tx_time_get.o
LOAD ./Middlewares/ThreadX/RTOS/ThreadX/Core/tx_time_set.o
LOAD ./Middlewares/ThreadX/RTOS/ThreadX/Core/tx_timer_activate.o
LOAD ./Middlewares/ThreadX/RTOS/ThreadX/Core/tx_timer_change.o
LOAD ./Middlewares/ThreadX/RTOS/ThreadX/Core/tx_timer_create.o
LOAD ./Middlewares/ThreadX/RTOS/ThreadX/Core/tx_timer_deactivate.o
LOAD ./Middlewares/ThreadX/RTOS/ThreadX/Core/tx_timer_delete.o
LOAD ./Middlewares/ThreadX/RTOS/ThreadX/Core/tx_timer_expiration_process.o
LOAD ./Middlewares/ThreadX/RTOS/ThreadX/Core/tx_timer_info_get.o
LOAD ./Middlewares/ThreadX/RTOS/ThreadX/Core/tx_timer_initialize.o
LOAD ./Middlewares/ThreadX/RTOS/ThreadX/Core/tx_timer_interrupt.o
LOAD ./Middlewares/ThreadX/RTOS/ThreadX/Core/tx_timer_system_activate.o
LOAD ./Middlewares/ThreadX/RTOS/ThreadX/Core/tx_timer_system_deactivate.o
LOAD ./Middlewares/ThreadX/RTOS/ThreadX/Core/tx_timer_thread_entry.o
LOAD ./Middlewares/ThreadX/RTOS/ThreadX/Core/txe_block_allocate.o
LOAD ./Middlewares/ThreadX/RTOS/ThreadX/Core/txe_block_pool_create.o
LOAD ./Middlewares/ThreadX/RTOS/ThreadX/Core/txe_block_pool_delete.o
LOAD ./Middlewares/ThreadX/RTOS/ThreadX/Core/txe_block_pool_info_get.o
LOAD ./Middlewares/ThreadX/RTOS/ThreadX/Core/txe_block_pool_prioritize.o
LOAD ./Middlewares/ThreadX/RTOS/ThreadX/Core/txe_block_release.o
LOAD ./Middlewares/ThreadX/RTOS/ThreadX/Core/txe_byte_allocate.o
LOAD ./Middlewares/ThreadX/RTOS/ThreadX/Core/txe_byte_pool_create.o
LOAD ./Middlewares/ThreadX/RTOS/ThreadX/Core/txe_byte_pool_delete.o
LOAD ./Middlewares/ThreadX/RTOS/ThreadX/Core/txe_byte_pool_info_get.o
LOAD ./Middlewares/ThreadX/RTOS/ThreadX/Core/txe_byte_pool_prioritize.o
LOAD ./Middlewares/ThreadX/RTOS/ThreadX/Core/txe_byte_release.o
LOAD ./Middlewares/ThreadX/RTOS/ThreadX/Core/txe_event_flags_create.o
LOAD ./Middlewares/ThreadX/RTOS/ThreadX/Core/txe_event_flags_delete.o
LOAD ./Middlewares/ThreadX/RTOS/ThreadX/Core/txe_event_flags_get.o
LOAD ./Middlewares/ThreadX/RTOS/ThreadX/Core/txe_event_flags_info_get.o
LOAD ./Middlewares/ThreadX/RTOS/ThreadX/Core/txe_event_flags_set.o
LOAD ./Middlewares/ThreadX/RTOS/ThreadX/Core/txe_event_flags_set_notify.o
LOAD ./Middlewares/ThreadX/RTOS/ThreadX/Core/txe_mutex_create.o
LOAD ./Middlewares/ThreadX/RTOS/ThreadX/Core/txe_mutex_delete.o
LOAD ./Middlewares/ThreadX/RTOS/ThreadX/Core/txe_mutex_get.o
LOAD ./Middlewares/ThreadX/RTOS/ThreadX/Core/txe_mutex_info_get.o
LOAD ./Middlewares/ThreadX/RTOS/ThreadX/Core/txe_mutex_prioritize.o
LOAD ./Middlewares/ThreadX/RTOS/ThreadX/Core/txe_mutex_put.o
LOAD ./Middlewares/ThreadX/RTOS/ThreadX/Core/txe_queue_create.o
LOAD ./Middlewares/ThreadX/RTOS/ThreadX/Core/txe_queue_delete.o
LOAD ./Middlewares/ThreadX/RTOS/ThreadX/Core/txe_queue_flush.o
LOAD ./Middlewares/ThreadX/RTOS/ThreadX/Core/txe_queue_front_send.o
LOAD ./Middlewares/ThreadX/RTOS/ThreadX/Core/txe_queue_info_get.o
LOAD ./Middlewares/ThreadX/RTOS/ThreadX/Core/txe_queue_prioritize.o
LOAD ./Middlewares/ThreadX/RTOS/ThreadX/Core/txe_queue_receive.o
LOAD ./Middlewares/ThreadX/RTOS/ThreadX/Core/txe_queue_send.o
LOAD ./Middlewares/ThreadX/RTOS/ThreadX/Core/txe_queue_send_notify.o
LOAD ./Middlewares/ThreadX/RTOS/ThreadX/Core/txe_semaphore_ceiling_put.o
LOAD ./Middlewares/ThreadX/RTOS/ThreadX/Core/txe_semaphore_create.o
LOAD ./Middlewares/ThreadX/RTOS/ThreadX/Core/txe_semaphore_delete.o
LOAD ./Middlewares/ThreadX/RTOS/ThreadX/Core/txe_semaphore_get.o
LOAD ./Middlewares/ThreadX/RTOS/ThreadX/Core/txe_semaphore_info_get.o
LOAD ./Middlewares/ThreadX/RTOS/ThreadX/Core/txe_semaphore_prioritize.o
LOAD ./Middlewares/ThreadX/RTOS/ThreadX/Core/txe_semaphore_put.o
LOAD ./Middlewares/ThreadX/RTOS/ThreadX/Core/txe_semaphore_put_notify.o
LOAD ./Middlewares/ThreadX/RTOS/ThreadX/Core/txe_thread_create.o
LOAD ./Middlewares/ThreadX/RTOS/ThreadX/Core/txe_thread_delete.o
LOAD ./Middlewares/ThreadX/RTOS/ThreadX/Core/txe_thread_entry_exit_notify.o
LOAD ./Middlewares/ThreadX/RTOS/ThreadX/Core/txe_thread_info_get.o
LOAD ./Middlewares/ThreadX/RTOS/ThreadX/Core/txe_thread_preemption_change.o
LOAD ./Middlewares/ThreadX/RTOS/ThreadX/Core/txe_thread_priority_change.o
LOAD ./Middlewares/ThreadX/RTOS/ThreadX/Core/txe_thread_relinquish.o
LOAD ./Middlewares/ThreadX/RTOS/ThreadX/Core/txe_thread_reset.o
LOAD ./Middlewares/ThreadX/RTOS/ThreadX/Core/txe_thread_resume.o
LOAD ./Middlewares/ThreadX/RTOS/ThreadX/Core/txe_thread_suspend.o
LOAD ./Middlewares/ThreadX/RTOS/ThreadX/Core/txe_thread_terminate.o
LOAD ./Middlewares/ThreadX/RTOS/ThreadX/Core/txe_thread_time_slice_change.o
LOAD ./Middlewares/ThreadX/RTOS/ThreadX/Core/txe_thread_wait_abort.o
LOAD ./Middlewares/ThreadX/RTOS/ThreadX/Core/txe_timer_activate.o
LOAD ./Middlewares/ThreadX/RTOS/ThreadX/Core/txe_timer_change.o
LOAD ./Middlewares/ThreadX/RTOS/ThreadX/Core/txe_timer_create.o
LOAD ./Middlewares/ThreadX/RTOS/ThreadX/Core/txe_timer_deactivate.o
LOAD ./Middlewares/ThreadX/RTOS/ThreadX/Core/txe_timer_delete.o
LOAD ./Middlewares/ThreadX/RTOS/ThreadX/Core/txe_timer_info_get.o
START GROUP
LOAD c:/st/stm32cubeide_1.8.0/stm32cubeide/plugins/com.st.stm32cube.ide.mcu.externaltools.gnu-tools-for-stm32.10.3-2021.10.win32_1.0.200.202301161003/tools/bin/../lib/gcc/arm-none-eabi/10.3.1/../../../../arm-none-eabi/lib/thumb/v7e-m+dp/hard\libc_nano.a
LOAD c:/st/stm32cubeide_1.8.0/stm32cubeide/plugins/com.st.stm32cube.ide.mcu.externaltools.gnu-tools-for-stm32.10.3-2021.10.win32_1.0.200.202301161003/tools/bin/../lib/gcc/arm-none-eabi/10.3.1/../../../../arm-none-eabi/lib/thumb/v7e-m+dp/hard\libm.a
END GROUP
START GROUP
LOAD c:/st/stm32cubeide_1.8.0/stm32cubeide/plugins/com.st.stm32cube.ide.mcu.externaltools.gnu-tools-for-stm32.10.3-2021.10.win32_1.0.200.202301161003/tools/bin/../lib/gcc/arm-none-eabi/10.3.1/thumb/v7e-m+dp/hard\libgcc.a
LOAD c:/st/stm32cubeide_1.8.0/stm32cubeide/plugins/com.st.stm32cube.ide.mcu.externaltools.gnu-tools-for-stm32.10.3-2021.10.win32_1.0.200.202301161003/tools/bin/../lib/gcc/arm-none-eabi/10.3.1/../../../../arm-none-eabi/lib/thumb/v7e-m+dp/hard\libc_nano.a
END GROUP
START GROUP
LOAD c:/st/stm32cubeide_1.8.0/stm32cubeide/plugins/com.st.stm32cube.ide.mcu.externaltools.gnu-tools-for-stm32.10.3-2021.10.win32_1.0.200.202301161003/tools/bin/../lib/gcc/arm-none-eabi/10.3.1/thumb/v7e-m+dp/hard\libgcc.a
LOAD c:/st/stm32cubeide_1.8.0/stm32cubeide/plugins/com.st.stm32cube.ide.mcu.externaltools.gnu-tools-for-stm32.10.3-2021.10.win32_1.0.200.202301161003/tools/bin/../lib/gcc/arm-none-eabi/10.3.1/../../../../arm-none-eabi/lib/thumb/v7e-m+dp/hard\libc_nano.a
LOAD c:/st/stm32cubeide_1.8.0/stm32cubeide/plugins/com.st.stm32cube.ide.mcu.externaltools.gnu-tools-for-stm32.10.3-2021.10.win32_1.0.200.202301161003/tools/bin/../lib/gcc/arm-none-eabi/10.3.1/../../../../arm-none-eabi/lib/thumb/v7e-m+dp/hard\libnosys.a
END GROUP
START GROUP
LOAD c:/st/stm32cubeide_1.8.0/stm32cubeide/plugins/com.st.stm32cube.ide.mcu.externaltools.gnu-tools-for-stm32.10.3-2021.10.win32_1.0.200.202301161003/tools/bin/../lib/gcc/arm-none-eabi/10.3.1/thumb/v7e-m+dp/hard\libgcc.a
LOAD c:/st/stm32cubeide_1.8.0/stm32cubeide/plugins/com.st.stm32cube.ide.mcu.externaltools.gnu-tools-for-stm32.10.3-2021.10.win32_1.0.200.202301161003/tools/bin/../lib/gcc/arm-none-eabi/10.3.1/../../../../arm-none-eabi/lib/thumb/v7e-m+dp/hard\libc_nano.a
LOAD c:/st/stm32cubeide_1.8.0/stm32cubeide/plugins/com.st.stm32cube.ide.mcu.externaltools.gnu-tools-for-stm32.10.3-2021.10.win32_1.0.200.202301161003/tools/bin/../lib/gcc/arm-none-eabi/10.3.1/../../../../arm-none-eabi/lib/thumb/v7e-m+dp/hard\libnosys.a
END GROUP
LOAD c:/st/stm32cubeide_1.8.0/stm32cubeide/plugins/com.st.stm32cube.ide.mcu.externaltools.gnu-tools-for-stm32.10.3-2021.10.win32_1.0.200.202301161003/tools/bin/../lib/gcc/arm-none-eabi/10.3.1/thumb/v7e-m+dp/hard/crtend.o
LOAD c:/st/stm32cubeide_1.8.0/stm32cubeide/plugins/com.st.stm32cube.ide.mcu.externaltools.gnu-tools-for-stm32.10.3-2021.10.win32_1.0.200.202301161003/tools/bin/../lib/gcc/arm-none-eabi/10.3.1/thumb/v7e-m+dp/hard/crtn.o
                0x0000000024080000                _estack = (ORIGIN (RAM_D1) + LENGTH (RAM_D1))
                0x0000000000000200                _Min_Heap_Size = 0x200
                0x0000000000000400                _Min_Stack_Size = 0x400

.isr_vector     0x0000000008000000      0x298
                0x0000000008000000                . = ALIGN (0x4)
 *(.isr_vector)
 .isr_vector    0x0000000008000000      0x298 ./Core/Startup/startup_stm32h747xihx.o
                0x0000000008000000                g_pfnVectors
                0x0000000008000298                . = ALIGN (0x4)

.text           0x00000000080002a0     0xbe24
                0x00000000080002a0                . = ALIGN (0x4)
 *(.text)
 .text          0x00000000080002a0       0x40 c:/st/stm32cubeide_1.8.0/stm32cubeide/plugins/com.st.stm32cube.ide.mcu.externaltools.gnu-tools-for-stm32.10.3-2021.10.win32_1.0.200.202301161003/tools/bin/../lib/gcc/arm-none-eabi/10.3.1/thumb/v7e-m+dp/hard/crtbegin.o
 .text          0x00000000080002e0       0x80 ./Core/Src/tx_initialize_low_level.o
                0x00000000080002e0                _tx_initialize_low_level
                0x0000000008000324                __tx_BadHandler
                0x0000000008000328                __tx_HardfaultHandler
                0x000000000800032c                __tx_SVCallHandler
                0x0000000008000330                __tx_IntHandler
                0x0000000008000338                __tx_SysTickHandler
                0x0000000008000338                SysTick_Handler
                0x0000000008000344                __tx_NMIHandler
                0x0000000008000348                __tx_DBGHandler
 .text          0x0000000008000360       0xc0 ./Middlewares/ThreadX/RTOS/ThreadX/Core/tx_thread_schedule.o
                0x0000000008000360                _tx_thread_schedule
                0x000000000800038c                PendSV_Handler
                0x000000000800038c                __tx_PendSVHandler
                0x000000000800040e                tx_thread_fpu_disable
                0x000000000800040e                tx_thread_fpu_enable
 .text          0x0000000008000420       0x40 ./Middlewares/ThreadX/RTOS/ThreadX/Core/tx_thread_stack_build.o
                0x0000000008000420                _tx_thread_stack_build
 .text          0x0000000008000460       0xb8 ./Middlewares/ThreadX/RTOS/ThreadX/Core/tx_timer_interrupt.o
                0x0000000008000460                _tx_timer_interrupt
 *fill*         0x0000000008000518        0x8 
 .text          0x0000000008000520       0xa0 c:/st/stm32cubeide_1.8.0/stm32cubeide/plugins/com.st.stm32cube.ide.mcu.externaltools.gnu-tools-for-stm32.10.3-2021.10.win32_1.0.200.202301161003/tools/bin/../lib/gcc/arm-none-eabi/10.3.1/../../../../arm-none-eabi/lib/thumb/v7e-m+dp/hard\libc_nano.a(lib_a-memchr.o)
                0x0000000008000520                memchr
 .text          0x00000000080005c0       0x30 c:/st/stm32cubeide_1.8.0/stm32cubeide/plugins/com.st.stm32cube.ide.mcu.externaltools.gnu-tools-for-stm32.10.3-2021.10.win32_1.0.200.202301161003/tools/bin/../lib/gcc/arm-none-eabi/10.3.1/thumb/v7e-m+dp/hard\libgcc.a(_aeabi_uldivmod.o)
                0x00000000080005c0                __aeabi_uldivmod
 .text          0x00000000080005f0      0x2d0 c:/st/stm32cubeide_1.8.0/stm32cubeide/plugins/com.st.stm32cube.ide.mcu.externaltools.gnu-tools-for-stm32.10.3-2021.10.win32_1.0.200.202301161003/tools/bin/../lib/gcc/arm-none-eabi/10.3.1/thumb/v7e-m+dp/hard\libgcc.a(_udivmoddi4.o)
                0x00000000080005f0                __udivmoddi4
 .text          0x00000000080008c0        0x4 c:/st/stm32cubeide_1.8.0/stm32cubeide/plugins/com.st.stm32cube.ide.mcu.externaltools.gnu-tools-for-stm32.10.3-2021.10.win32_1.0.200.202301161003/tools/bin/../lib/gcc/arm-none-eabi/10.3.1/thumb/v7e-m+dp/hard\libgcc.a(_dvmd_tls.o)
                0x00000000080008c0                __aeabi_idiv0
                0x00000000080008c0                __aeabi_ldiv0
 *(.text*)
 .text.tx_application_define
                0x00000000080008c4       0x5c ./AZURE_RTOS/App/app_azure_rtos.o
                0x00000000080008c4                tx_application_define
 .text.SystemInit
                0x0000000008000920       0xd8 ./Common/Src/system_stm32h7xx_dualcore_boot_cm4_cm7.o
                0x0000000008000920                SystemInit
 .text.App_ThreadX_Init
                0x00000000080009f8        0x4 ./Core/Src/app_threadx.o
                0x00000000080009f8                App_ThreadX_Init
 .text.MX_ThreadX_Init
                0x00000000080009fc        0x4 ./Core/Src/app_threadx.o
                0x00000000080009fc                MX_ThreadX_Init
 .text.sd_get_fw_file_size
                0x0000000008000a00       0x20 ./Core/Src/fw_update.o
                0x0000000008000a00                sd_get_fw_file_size
 .text.get_sd_fw_chunk
                0x0000000008000a20       0x30 ./Core/Src/fw_update.o
                0x0000000008000a20                get_sd_fw_chunk
 .text.fw_update_thread_entry
                0x0000000008000a50      0x14c ./Core/Src/fw_update.o
                0x0000000008000a50                fw_update_thread_entry
 .text.SystemClock_Config
                0x0000000008000b9c       0xc4 ./Core/Src/main.o
                0x0000000008000b9c                SystemClock_Config
 .text.__io_putchar
                0x0000000008000c60       0x20 ./Core/Src/main.o
                0x0000000008000c60                __io_putchar
 .text.goto_application
                0x0000000008000c80      0x110 ./Core/Src/main.o
                0x0000000008000c80                goto_application
 .text.startup.main
                0x0000000008000d90      0x2b0 ./Core/Src/main.o
                0x0000000008000d90                main
 .text.HAL_TIM_PeriodElapsedCallback
                0x0000000008001040       0x14 ./Core/Src/main.o
                0x0000000008001040                HAL_TIM_PeriodElapsedCallback
 .text.Error_Handler
                0x0000000008001054        0x4 ./Core/Src/main.o
                0x0000000008001054                Error_Handler
 .text.SD_IsDetected.part.0
                0x0000000008001058       0x18 ./Core/Src/sd_card.o
 .text.HAL_GPIO_EXTI_Callback
                0x0000000008001070       0x14 ./Core/Src/sd_card.o
                0x0000000008001070                HAL_GPIO_EXTI_Callback
 .text.sd_fx_start
                0x0000000008001084       0x34 ./Core/Src/sd_card.o
                0x0000000008001084                sd_fx_start
 .text.sd_init  0x00000000080010b8       0x50 ./Core/Src/sd_card.o
                0x00000000080010b8                sd_init
 .text.sd_fx_get_file_size
                0x0000000008001108       0x50 ./Core/Src/sd_card.o
                0x0000000008001108                sd_fx_get_file_size
 .text.sd_fx_file_read
                0x0000000008001158       0x68 ./Core/Src/sd_card.o
                0x0000000008001158                sd_fx_file_read
 .text.HAL_MspInit
                0x00000000080011c0       0x24 ./Core/Src/stm32h7xx_hal_msp.o
                0x00000000080011c0                HAL_MspInit
 .text.HAL_SD_MspInit
                0x00000000080011e4       0xdc ./Core/Src/stm32h7xx_hal_msp.o
                0x00000000080011e4                HAL_SD_MspInit
 .text.HAL_SD_MspDeInit
                0x00000000080012c0       0x48 ./Core/Src/stm32h7xx_hal_msp.o
                0x00000000080012c0                HAL_SD_MspDeInit
 .text.HAL_UART_MspInit
                0x0000000008001308       0x94 ./Core/Src/stm32h7xx_hal_msp.o
                0x0000000008001308                HAL_UART_MspInit
 .text.HAL_UART_MspDeInit
                0x000000000800139c       0x30 ./Core/Src/stm32h7xx_hal_msp.o
                0x000000000800139c                HAL_UART_MspDeInit
 .text.HAL_InitTick
                0x00000000080013cc       0x98 ./Core/Src/stm32h7xx_hal_timebase_tim.o
                0x00000000080013cc                HAL_InitTick
 .text.NMI_Handler
                0x0000000008001464        0x2 ./Core/Src/stm32h7xx_it.o
                0x0000000008001464                NMI_Handler
 .text.HardFault_Handler
                0x0000000008001466        0x2 ./Core/Src/stm32h7xx_it.o
                0x0000000008001466                HardFault_Handler
 .text.MemManage_Handler
                0x0000000008001468        0x2 ./Core/Src/stm32h7xx_it.o
                0x0000000008001468                MemManage_Handler
 .text.BusFault_Handler
                0x000000000800146a        0x2 ./Core/Src/stm32h7xx_it.o
                0x000000000800146a                BusFault_Handler
 .text.UsageFault_Handler
                0x000000000800146c        0x2 ./Core/Src/stm32h7xx_it.o
                0x000000000800146c                UsageFault_Handler
 .text.DebugMon_Handler
                0x000000000800146e        0x2 ./Core/Src/stm32h7xx_it.o
                0x000000000800146e                DebugMon_Handler
 .text.EXTI9_5_IRQHandler
                0x0000000008001470        0x8 ./Core/Src/stm32h7xx_it.o
                0x0000000008001470                EXTI9_5_IRQHandler
 .text.SDMMC1_IRQHandler
                0x0000000008001478        0xc ./Core/Src/stm32h7xx_it.o
                0x0000000008001478                SDMMC1_IRQHandler
 .text.TIM6_DAC_IRQHandler
                0x0000000008001484        0xc ./Core/Src/stm32h7xx_it.o
                0x0000000008001484                TIM6_DAC_IRQHandler
 .text._getpid  0x0000000008001490        0x4 ./Core/Src/syscalls.o
                0x0000000008001490                _getpid
 .text._kill    0x0000000008001494       0x10 ./Core/Src/syscalls.o
                0x0000000008001494                _kill
 .text._exit    0x00000000080014a4        0xc ./Core/Src/syscalls.o
                0x00000000080014a4                _exit
 .text._read    0x00000000080014b0       0x1c ./Core/Src/syscalls.o
                0x00000000080014b0                _read
 .text._write   0x00000000080014cc       0x1c ./Core/Src/syscalls.o
                0x00000000080014cc                _write
 .text._close   0x00000000080014e8        0x6 ./Core/Src/syscalls.o
                0x00000000080014e8                _close
 .text._fstat   0x00000000080014ee        0xa ./Core/Src/syscalls.o
                0x00000000080014ee                _fstat
 .text._isatty  0x00000000080014f8        0x4 ./Core/Src/syscalls.o
                0x00000000080014f8                _isatty
 .text._lseek   0x00000000080014fc        0x4 ./Core/Src/syscalls.o
                0x00000000080014fc                _lseek
 .text._sbrk    0x0000000008001500       0x40 ./Core/Src/sysmem.o
                0x0000000008001500                _sbrk
 .text.Reset_Handler
                0x0000000008001540       0x50 ./Core/Startup/startup_stm32h747xihx.o
                0x0000000008001540                Reset_Handler
 .text.Default_Handler
                0x0000000008001590        0x2 ./Core/Startup/startup_stm32h747xihx.o
                0x0000000008001590                RTC_Alarm_IRQHandler
                0x0000000008001590                EXTI2_IRQHandler
                0x0000000008001590                TIM8_CC_IRQHandler
                0x0000000008001590                HRTIM1_Master_IRQHandler
                0x0000000008001590                UART8_IRQHandler
                0x0000000008001590                SPI4_IRQHandler
                0x0000000008001590                TIM1_CC_IRQHandler
                0x0000000008001590                BDMA_Channel6_IRQHandler
                0x0000000008001590                DMA2_Stream5_IRQHandler
                0x0000000008001590                HRTIM1_FLT_IRQHandler
                0x0000000008001590                JPEG_IRQHandler
                0x0000000008001590                DMA1_Stream5_IRQHandler
                0x0000000008001590                BDMA_Channel1_IRQHandler
                0x0000000008001590                HRTIM1_TIMD_IRQHandler
                0x0000000008001590                TAMP_STAMP_IRQHandler
                0x0000000008001590                EXTI3_IRQHandler
                0x0000000008001590                LPTIM4_IRQHandler
                0x0000000008001590                TIM8_TRG_COM_TIM14_IRQHandler
                0x0000000008001590                LPTIM2_IRQHandler
                0x0000000008001590                DFSDM1_FLT1_IRQHandler
                0x0000000008001590                DMAMUX2_OVR_IRQHandler
                0x0000000008001590                TIM8_UP_TIM13_IRQHandler
                0x0000000008001590                I2C3_ER_IRQHandler
                0x0000000008001590                DFSDM1_FLT2_IRQHandler
                0x0000000008001590                MDMA_IRQHandler
                0x0000000008001590                LPTIM3_IRQHandler
                0x0000000008001590                HSEM1_IRQHandler
                0x0000000008001590                EXTI0_IRQHandler
                0x0000000008001590                I2C2_EV_IRQHandler
                0x0000000008001590                DMA1_Stream2_IRQHandler
                0x0000000008001590                FPU_IRQHandler
                0x0000000008001590                OTG_HS_WKUP_IRQHandler
                0x0000000008001590                FDCAN1_IT1_IRQHandler
                0x0000000008001590                LTDC_ER_IRQHandler
                0x0000000008001590                DMA2_Stream2_IRQHandler
                0x0000000008001590                HRTIM1_TIME_IRQHandler
                0x0000000008001590                SPI1_IRQHandler
                0x0000000008001590                DCMI_IRQHandler
                0x0000000008001590                HRTIM1_TIMC_IRQHandler
                0x0000000008001590                DMA2_Stream3_IRQHandler
                0x0000000008001590                SAI2_IRQHandler
                0x0000000008001590                DFSDM1_FLT3_IRQHandler
                0x0000000008001590                USART6_IRQHandler
                0x0000000008001590                TIM17_IRQHandler
                0x0000000008001590                USART3_IRQHandler
                0x0000000008001590                BDMA_Channel7_IRQHandler
                0x0000000008001590                LPTIM5_IRQHandler
                0x0000000008001590                UART5_IRQHandler
                0x0000000008001590                ADC3_IRQHandler
                0x0000000008001590                DMA2_Stream0_IRQHandler
                0x0000000008001590                TIM4_IRQHandler
                0x0000000008001590                BDMA_Channel2_IRQHandler
                0x0000000008001590                QUADSPI_IRQHandler
                0x0000000008001590                I2C1_EV_IRQHandler
                0x0000000008001590                DMA1_Stream6_IRQHandler
                0x0000000008001590                DMAMUX1_OVR_IRQHandler
                0x0000000008001590                DMA1_Stream1_IRQHandler
                0x0000000008001590                TIM16_IRQHandler
                0x0000000008001590                UART4_IRQHandler
                0x0000000008001590                BDMA_Channel5_IRQHandler
                0x0000000008001590                TIM3_IRQHandler
                0x0000000008001590                RCC_IRQHandler
                0x0000000008001590                TIM8_BRK_TIM12_IRQHandler
                0x0000000008001590                TIM1_TRG_COM_IRQHandler
                0x0000000008001590                Default_Handler
                0x0000000008001590                ECC_IRQHandler
                0x0000000008001590                CEC_IRQHandler
                0x0000000008001590                EXTI15_10_IRQHandler
                0x0000000008001590                BDMA_Channel0_IRQHandler
                0x0000000008001590                ADC_IRQHandler
                0x0000000008001590                DMA1_Stream7_IRQHandler
                0x0000000008001590                HRTIM1_TIMA_IRQHandler
                0x0000000008001590                SPI5_IRQHandler
                0x0000000008001590                TIM7_IRQHandler
                0x0000000008001590                TIM5_IRQHandler
                0x0000000008001590                DMA2_Stream7_IRQHandler
                0x0000000008001590                TIM15_IRQHandler
                0x0000000008001590                PVD_AVD_IRQHandler
                0x0000000008001590                I2C3_EV_IRQHandler
                0x0000000008001590                RTC_WKUP_IRQHandler
                0x0000000008001590                LTDC_IRQHandler
                0x0000000008001590                SAI3_IRQHandler
                0x0000000008001590                ETH_WKUP_IRQHandler
                0x0000000008001590                SPDIF_RX_IRQHandler
                0x0000000008001590                SPI2_IRQHandler
                0x0000000008001590                OTG_HS_EP1_IN_IRQHandler
                0x0000000008001590                DMA1_Stream0_IRQHandler
                0x0000000008001590                SVC_Handler
                0x0000000008001590                CRS_IRQHandler
                0x0000000008001590                CM7_SEV_IRQHandler
                0x0000000008001590                EXTI4_IRQHandler
                0x0000000008001590                RNG_IRQHandler
                0x0000000008001590                CM4_SEV_IRQHandler
                0x0000000008001590                HRTIM1_TIMB_IRQHandler
                0x0000000008001590                FDCAN2_IT1_IRQHandler
                0x0000000008001590                DSI_IRQHandler
                0x0000000008001590                ETH_IRQHandler
                0x0000000008001590                TIM1_UP_IRQHandler
                0x0000000008001590                WWDG_RST_IRQHandler
                0x0000000008001590                BDMA_Channel4_IRQHandler
                0x0000000008001590                OTG_HS_EP1_OUT_IRQHandler
                0x0000000008001590                WWDG_IRQHandler
                0x0000000008001590                SPI6_IRQHandler
                0x0000000008001590                MDIOS_IRQHandler
                0x0000000008001590                I2C4_EV_IRQHandler
                0x0000000008001590                FDCAN2_IT0_IRQHandler
                0x0000000008001590                LPUART1_IRQHandler
                0x0000000008001590                FDCAN1_IT0_IRQHandler
                0x0000000008001590                TIM2_IRQHandler
                0x0000000008001590                OTG_FS_WKUP_IRQHandler
                0x0000000008001590                OTG_HS_IRQHandler
                0x0000000008001590                HSEM2_IRQHandler
                0x0000000008001590                DMA2D_IRQHandler
                0x0000000008001590                TIM1_BRK_IRQHandler
                0x0000000008001590                EXTI1_IRQHandler
                0x0000000008001590                SDMMC2_IRQHandler
                0x0000000008001590                OTG_FS_EP1_OUT_IRQHandler
                0x0000000008001590                BDMA_Channel3_IRQHandler
                0x0000000008001590                HOLD_CORE_IRQHandler
                0x0000000008001590                UART7_IRQHandler
                0x0000000008001590                MDIOS_WKUP_IRQHandler
                0x0000000008001590                USART2_IRQHandler
                0x0000000008001590                DFSDM1_FLT0_IRQHandler
                0x0000000008001590                SAI4_IRQHandler
                0x0000000008001590                I2C2_ER_IRQHandler
                0x0000000008001590                DMA2_Stream1_IRQHandler
                0x0000000008001590                FLASH_IRQHandler
                0x0000000008001590                DMA2_Stream4_IRQHandler
                0x0000000008001590                USART1_IRQHandler
                0x0000000008001590                OTG_FS_IRQHandler
                0x0000000008001590                SPI3_IRQHandler
                0x0000000008001590                WAKEUP_PIN_IRQHandler
                0x0000000008001590                DMA1_Stream4_IRQHandler
                0x0000000008001590                OTG_FS_EP1_IN_IRQHandler
                0x0000000008001590                I2C1_ER_IRQHandler
                0x0000000008001590                FMC_IRQHandler
                0x0000000008001590                FDCAN_CAL_IRQHandler
                0x0000000008001590                SWPMI1_IRQHandler
                0x0000000008001590                COMP1_IRQHandler
                0x0000000008001590                LPTIM1_IRQHandler
                0x0000000008001590                I2C4_ER_IRQHandler
                0x0000000008001590                DMA2_Stream6_IRQHandler
                0x0000000008001590                SAI1_IRQHandler
                0x0000000008001590                DMA1_Stream3_IRQHandler
 *fill*         0x0000000008001592        0x2 
 .text.HAL_Init
                0x0000000008001594       0x5c ./Drivers/STM32H7xx_HAL_Driver/stm32h7xx_hal.o
                0x0000000008001594                HAL_Init
 .text.HAL_IncTick
                0x00000000080015f0       0x18 ./Drivers/STM32H7xx_HAL_Driver/stm32h7xx_hal.o
                0x00000000080015f0                HAL_IncTick
 .text.HAL_GetTick
                0x0000000008001608        0xc ./Drivers/STM32H7xx_HAL_Driver/stm32h7xx_hal.o
                0x0000000008001608                HAL_GetTick
 .text.HAL_Delay
                0x0000000008001614       0x24 ./Drivers/STM32H7xx_HAL_Driver/stm32h7xx_hal.o
                0x0000000008001614                HAL_Delay
 .text.HAL_GetREVID
                0x0000000008001638        0xc ./Drivers/STM32H7xx_HAL_Driver/stm32h7xx_hal.o
                0x0000000008001638                HAL_GetREVID
 .text.HAL_NVIC_SetPriorityGrouping
                0x0000000008001644       0x24 ./Drivers/STM32H7xx_HAL_Driver/stm32h7xx_hal_cortex.o
                0x0000000008001644                HAL_NVIC_SetPriorityGrouping
 .text.HAL_NVIC_SetPriority
                0x0000000008001668       0x64 ./Drivers/STM32H7xx_HAL_Driver/stm32h7xx_hal_cortex.o
                0x0000000008001668                HAL_NVIC_SetPriority
 .text.HAL_NVIC_EnableIRQ
                0x00000000080016cc       0x1c ./Drivers/STM32H7xx_HAL_Driver/stm32h7xx_hal_cortex.o
                0x00000000080016cc                HAL_NVIC_EnableIRQ
 .text.HAL_NVIC_DisableIRQ
                0x00000000080016e8       0x28 ./Drivers/STM32H7xx_HAL_Driver/stm32h7xx_hal_cortex.o
                0x00000000080016e8                HAL_NVIC_DisableIRQ
 .text.FLASH_WaitForLastOperation
                0x0000000008001710       0xcc ./Drivers/STM32H7xx_HAL_Driver/stm32h7xx_hal_flash.o
                0x0000000008001710                FLASH_WaitForLastOperation
 .text.HAL_FLASH_Program
                0x00000000080017dc       0xac ./Drivers/STM32H7xx_HAL_Driver/stm32h7xx_hal_flash.o
                0x00000000080017dc                HAL_FLASH_Program
 .text.FLASH_MassErase
                0x0000000008001888       0x84 ./Drivers/STM32H7xx_HAL_Driver/stm32h7xx_hal_flash_ex.o
 .text.HAL_FLASHEx_Unlock_Bank1
                0x000000000800190c       0x24 ./Drivers/STM32H7xx_HAL_Driver/stm32h7xx_hal_flash_ex.o
                0x000000000800190c                HAL_FLASHEx_Unlock_Bank1
 .text.HAL_FLASHEx_Lock_Bank1
                0x0000000008001930       0x14 ./Drivers/STM32H7xx_HAL_Driver/stm32h7xx_hal_flash_ex.o
                0x0000000008001930                HAL_FLASHEx_Lock_Bank1
 .text.FLASH_Erase_Sector
                0x0000000008001944       0x48 ./Drivers/STM32H7xx_HAL_Driver/stm32h7xx_hal_flash_ex.o
                0x0000000008001944                FLASH_Erase_Sector
 .text.HAL_FLASHEx_Erase
                0x000000000800198c      0x12c ./Drivers/STM32H7xx_HAL_Driver/stm32h7xx_hal_flash_ex.o
                0x000000000800198c                HAL_FLASHEx_Erase
 .text.HAL_GPIO_Init
                0x0000000008001ab8      0x1d8 ./Drivers/STM32H7xx_HAL_Driver/stm32h7xx_hal_gpio.o
                0x0000000008001ab8                HAL_GPIO_Init
 .text.HAL_GPIO_DeInit
                0x0000000008001c90      0x144 ./Drivers/STM32H7xx_HAL_Driver/stm32h7xx_hal_gpio.o
                0x0000000008001c90                HAL_GPIO_DeInit
 .text.HAL_GPIO_ReadPin
                0x0000000008001dd4        0xc ./Drivers/STM32H7xx_HAL_Driver/stm32h7xx_hal_gpio.o
                0x0000000008001dd4                HAL_GPIO_ReadPin
 .text.HAL_GPIO_WritePin
                0x0000000008001de0        0xa ./Drivers/STM32H7xx_HAL_Driver/stm32h7xx_hal_gpio.o
                0x0000000008001de0                HAL_GPIO_WritePin
 .text.HAL_GPIO_EXTI_IRQHandler
                0x0000000008001dea       0x18 ./Drivers/STM32H7xx_HAL_Driver/stm32h7xx_hal_gpio.o
                0x0000000008001dea                HAL_GPIO_EXTI_IRQHandler
 *fill*         0x0000000008001e02        0x2 
 .text.HAL_HSEM_FastTake
                0x0000000008001e04       0x1c ./Drivers/STM32H7xx_HAL_Driver/stm32h7xx_hal_hsem.o
                0x0000000008001e04                HAL_HSEM_FastTake
 .text.HAL_HSEM_Release
                0x0000000008001e20       0x10 ./Drivers/STM32H7xx_HAL_Driver/stm32h7xx_hal_hsem.o
                0x0000000008001e20                HAL_HSEM_Release
 .text.HAL_PWREx_ConfigSupply
                0x0000000008001e30       0x78 ./Drivers/STM32H7xx_HAL_Driver/stm32h7xx_hal_pwr_ex.o
                0x0000000008001e30                HAL_PWREx_ConfigSupply
 .text.HAL_RCC_DeInit
                0x0000000008001ea8      0x1a8 ./Drivers/STM32H7xx_HAL_Driver/stm32h7xx_hal_rcc.o
                0x0000000008001ea8                HAL_RCC_DeInit
 .text.HAL_RCC_OscConfig
                0x0000000008002050      0x568 ./Drivers/STM32H7xx_HAL_Driver/stm32h7xx_hal_rcc.o
                0x0000000008002050                HAL_RCC_OscConfig
 .text.HAL_RCC_MCOConfig
                0x00000000080025b8       0x9c ./Drivers/STM32H7xx_HAL_Driver/stm32h7xx_hal_rcc.o
                0x00000000080025b8                HAL_RCC_MCOConfig
 .text.HAL_RCC_GetSysClockFreq
                0x0000000008002654      0x140 ./Drivers/STM32H7xx_HAL_Driver/stm32h7xx_hal_rcc.o
                0x0000000008002654                HAL_RCC_GetSysClockFreq
 .text.HAL_RCC_ClockConfig
                0x0000000008002794      0x24c ./Drivers/STM32H7xx_HAL_Driver/stm32h7xx_hal_rcc.o
                0x0000000008002794                HAL_RCC_ClockConfig
 .text.HAL_RCC_GetHCLKFreq
                0x00000000080029e0       0x44 ./Drivers/STM32H7xx_HAL_Driver/stm32h7xx_hal_rcc.o
                0x00000000080029e0                HAL_RCC_GetHCLKFreq
 .text.HAL_RCC_GetPCLK1Freq
                0x0000000008002a24       0x24 ./Drivers/STM32H7xx_HAL_Driver/stm32h7xx_hal_rcc.o
                0x0000000008002a24                HAL_RCC_GetPCLK1Freq
 .text.HAL_RCC_GetPCLK2Freq
                0x0000000008002a48       0x24 ./Drivers/STM32H7xx_HAL_Driver/stm32h7xx_hal_rcc.o
                0x0000000008002a48                HAL_RCC_GetPCLK2Freq
 .text.HAL_RCC_GetClockConfig
                0x0000000008002a6c       0x54 ./Drivers/STM32H7xx_HAL_Driver/stm32h7xx_hal_rcc.o
                0x0000000008002a6c                HAL_RCC_GetClockConfig
 .text.RCCEx_PLL2_Config
                0x0000000008002ac0       0xf0 ./Drivers/STM32H7xx_HAL_Driver/stm32h7xx_hal_rcc_ex.o
 .text.RCCEx_PLL3_Config
                0x0000000008002bb0       0xf0 ./Drivers/STM32H7xx_HAL_Driver/stm32h7xx_hal_rcc_ex.o
 .text.HAL_RCCEx_PeriphCLKConfig
                0x0000000008002ca0      0xa64 ./Drivers/STM32H7xx_HAL_Driver/stm32h7xx_hal_rcc_ex.o
                0x0000000008002ca0                HAL_RCCEx_PeriphCLKConfig
 .text.HAL_RCCEx_GetD3PCLK1Freq
                0x0000000008003704       0x24 ./Drivers/STM32H7xx_HAL_Driver/stm32h7xx_hal_rcc_ex.o
                0x0000000008003704                HAL_RCCEx_GetD3PCLK1Freq
 .text.HAL_RCCEx_GetPLL2ClockFreq
                0x0000000008003728      0x150 ./Drivers/STM32H7xx_HAL_Driver/stm32h7xx_hal_rcc_ex.o
                0x0000000008003728                HAL_RCCEx_GetPLL2ClockFreq
 .text.HAL_RCCEx_GetPLL3ClockFreq
                0x0000000008003878      0x150 ./Drivers/STM32H7xx_HAL_Driver/stm32h7xx_hal_rcc_ex.o
                0x0000000008003878                HAL_RCCEx_GetPLL3ClockFreq
 .text.HAL_RCCEx_GetPLL1ClockFreq
                0x00000000080039c8      0x150 ./Drivers/STM32H7xx_HAL_Driver/stm32h7xx_hal_rcc_ex.o
                0x00000000080039c8                HAL_RCCEx_GetPLL1ClockFreq
 .text.HAL_RCCEx_GetPeriphCLKFreq
                0x0000000008003b18      0x30c ./Drivers/STM32H7xx_HAL_Driver/stm32h7xx_hal_rcc_ex.o
                0x0000000008003b18                HAL_RCCEx_GetPeriphCLKFreq
 .text.SD_FindSCR
                0x0000000008003e24       0xcc ./Drivers/STM32H7xx_HAL_Driver/stm32h7xx_hal_sd.o
 .text.HAL_SD_DeInit
                0x0000000008003ef0       0x26 ./Drivers/STM32H7xx_HAL_Driver/stm32h7xx_hal_sd.o
                0x0000000008003ef0                HAL_SD_DeInit
 *fill*         0x0000000008003f16        0x2 
 .text.HAL_SD_ReadBlocks_DMA
                0x0000000008003f18       0xd4 ./Drivers/STM32H7xx_HAL_Driver/stm32h7xx_hal_sd.o
                0x0000000008003f18                HAL_SD_ReadBlocks_DMA
 .text.HAL_SD_WriteBlocks_DMA
                0x0000000008003fec       0xd4 ./Drivers/STM32H7xx_HAL_Driver/stm32h7xx_hal_sd.o
                0x0000000008003fec                HAL_SD_WriteBlocks_DMA
 .text.HAL_SD_ErrorCallback
                0x00000000080040c0        0x2 ./Drivers/STM32H7xx_HAL_Driver/stm32h7xx_hal_sd.o
                0x00000000080040c0                HAL_SD_ErrorCallback
 *fill*         0x00000000080040c2        0x2 
 .text.HAL_SD_GetCardCSD
                0x00000000080040c4      0x16c ./Drivers/STM32H7xx_HAL_Driver/stm32h7xx_hal_sd.o
                0x00000000080040c4                HAL_SD_GetCardCSD
 .text.HAL_SD_InitCard
                0x0000000008004230      0x238 ./Drivers/STM32H7xx_HAL_Driver/stm32h7xx_hal_sd.o
                0x0000000008004230                HAL_SD_InitCard
 .text.HAL_SD_GetCardStatus
                0x0000000008004468      0x18c ./Drivers/STM32H7xx_HAL_Driver/stm32h7xx_hal_sd.o
                0x0000000008004468                HAL_SD_GetCardStatus
 .text.HAL_SD_ConfigWideBusOperation
                0x00000000080045f4      0x184 ./Drivers/STM32H7xx_HAL_Driver/stm32h7xx_hal_sd.o
                0x00000000080045f4                HAL_SD_ConfigWideBusOperation
 .text.HAL_SD_GetCardState
                0x0000000008004778       0x28 ./Drivers/STM32H7xx_HAL_Driver/stm32h7xx_hal_sd.o
                0x0000000008004778                HAL_SD_GetCardState
 .text.HAL_SD_Init
                0x00000000080047a0       0xa6 ./Drivers/STM32H7xx_HAL_Driver/stm32h7xx_hal_sd.o
                0x00000000080047a0                HAL_SD_Init
 .text.HAL_SDEx_Read_DMADoubleBuf0CpltCallback
                0x0000000008004846        0x2 ./Drivers/STM32H7xx_HAL_Driver/stm32h7xx_hal_sd.o
                0x0000000008004846                HAL_SDEx_Read_DMADoubleBuf0CpltCallback
 .text.HAL_SDEx_Read_DMADoubleBuf1CpltCallback
                0x0000000008004848        0x2 ./Drivers/STM32H7xx_HAL_Driver/stm32h7xx_hal_sd.o
                0x0000000008004848                HAL_SDEx_Read_DMADoubleBuf1CpltCallback
 .text.HAL_SDEx_Write_DMADoubleBuf0CpltCallback
                0x000000000800484a        0x2 ./Drivers/STM32H7xx_HAL_Driver/stm32h7xx_hal_sd.o
                0x000000000800484a                HAL_SDEx_Write_DMADoubleBuf0CpltCallback
 .text.HAL_SDEx_Write_DMADoubleBuf1CpltCallback
                0x000000000800484c        0x2 ./Drivers/STM32H7xx_HAL_Driver/stm32h7xx_hal_sd.o
                0x000000000800484c                HAL_SDEx_Write_DMADoubleBuf1CpltCallback
 *fill*         0x000000000800484e        0x2 
 .text.HAL_SD_IRQHandler
                0x0000000008004850      0x244 ./Drivers/STM32H7xx_HAL_Driver/stm32h7xx_hal_sd.o
                0x0000000008004850                HAL_SD_IRQHandler
 .text.HAL_TIM_Base_MspInit
                0x0000000008004a94        0x2 ./Drivers/STM32H7xx_HAL_Driver/stm32h7xx_hal_tim.o
                0x0000000008004a94                HAL_TIM_Base_MspInit
 .text.HAL_TIM_Base_MspDeInit
                0x0000000008004a96        0x2 ./Drivers/STM32H7xx_HAL_Driver/stm32h7xx_hal_tim.o
                0x0000000008004a96                HAL_TIM_Base_MspDeInit
 .text.HAL_TIM_Base_DeInit
                0x0000000008004a98       0x66 ./Drivers/STM32H7xx_HAL_Driver/stm32h7xx_hal_tim.o
                0x0000000008004a98                HAL_TIM_Base_DeInit
 *fill*         0x0000000008004afe        0x2 
 .text.HAL_TIM_Base_Start_IT
                0x0000000008004b00       0x7c ./Drivers/STM32H7xx_HAL_Driver/stm32h7xx_hal_tim.o
                0x0000000008004b00                HAL_TIM_Base_Start_IT
 .text.HAL_TIM_OC_DelayElapsedCallback
                0x0000000008004b7c        0x2 ./Drivers/STM32H7xx_HAL_Driver/stm32h7xx_hal_tim.o
                0x0000000008004b7c                HAL_TIM_OC_DelayElapsedCallback
 .text.HAL_TIM_IC_CaptureCallback
                0x0000000008004b7e        0x2 ./Drivers/STM32H7xx_HAL_Driver/stm32h7xx_hal_tim.o
                0x0000000008004b7e                HAL_TIM_IC_CaptureCallback
 .text.HAL_TIM_PWM_PulseFinishedCallback
                0x0000000008004b80        0x2 ./Drivers/STM32H7xx_HAL_Driver/stm32h7xx_hal_tim.o
                0x0000000008004b80                HAL_TIM_PWM_PulseFinishedCallback
 .text.HAL_TIM_TriggerCallback
                0x0000000008004b82        0x2 ./Drivers/STM32H7xx_HAL_Driver/stm32h7xx_hal_tim.o
                0x0000000008004b82                HAL_TIM_TriggerCallback
 .text.HAL_TIM_IRQHandler
                0x0000000008004b84      0x160 ./Drivers/STM32H7xx_HAL_Driver/stm32h7xx_hal_tim.o
                0x0000000008004b84                HAL_TIM_IRQHandler
 .text.TIM_Base_SetConfig
                0x0000000008004ce4       0xcc ./Drivers/STM32H7xx_HAL_Driver/stm32h7xx_hal_tim.o
                0x0000000008004ce4                TIM_Base_SetConfig
 .text.HAL_TIM_Base_Init
                0x0000000008004db0       0x60 ./Drivers/STM32H7xx_HAL_Driver/stm32h7xx_hal_tim.o
                0x0000000008004db0                HAL_TIM_Base_Init
 .text.HAL_TIMEx_CommutCallback
                0x0000000008004e10        0x2 ./Drivers/STM32H7xx_HAL_Driver/stm32h7xx_hal_tim_ex.o
                0x0000000008004e10                HAL_TIMEx_CommutCallback
 .text.HAL_TIMEx_BreakCallback
                0x0000000008004e12        0x2 ./Drivers/STM32H7xx_HAL_Driver/stm32h7xx_hal_tim_ex.o
                0x0000000008004e12                HAL_TIMEx_BreakCallback
 .text.HAL_TIMEx_Break2Callback
                0x0000000008004e14        0x2 ./Drivers/STM32H7xx_HAL_Driver/stm32h7xx_hal_tim_ex.o
                0x0000000008004e14                HAL_TIMEx_Break2Callback
 *fill*         0x0000000008004e16        0x2 
 .text.UART_EndRxTransfer
                0x0000000008004e18       0x58 ./Drivers/STM32H7xx_HAL_Driver/stm32h7xx_hal_uart.o
 .text.HAL_UART_DeInit
                0x0000000008004e70       0x3e ./Drivers/STM32H7xx_HAL_Driver/stm32h7xx_hal_uart.o
                0x0000000008004e70                HAL_UART_DeInit
 *fill*         0x0000000008004eae        0x2 
 .text.UART_SetConfig
                0x0000000008004eb0      0x38c ./Drivers/STM32H7xx_HAL_Driver/stm32h7xx_hal_uart.o
                0x0000000008004eb0                UART_SetConfig
 .text.UART_AdvFeatureConfig
                0x000000000800523c       0xaa ./Drivers/STM32H7xx_HAL_Driver/stm32h7xx_hal_uart.o
                0x000000000800523c                UART_AdvFeatureConfig
 .text.UART_WaitOnFlagUntilTimeout
                0x00000000080052e6       0x88 ./Drivers/STM32H7xx_HAL_Driver/stm32h7xx_hal_uart.o
                0x00000000080052e6                UART_WaitOnFlagUntilTimeout
 .text.HAL_UART_Transmit
                0x000000000800536e       0xac ./Drivers/STM32H7xx_HAL_Driver/stm32h7xx_hal_uart.o
                0x000000000800536e                HAL_UART_Transmit
 .text.UART_CheckIdleState
                0x000000000800541a       0xba ./Drivers/STM32H7xx_HAL_Driver/stm32h7xx_hal_uart.o
                0x000000000800541a                UART_CheckIdleState
 .text.HAL_UART_Init
                0x00000000080054d4       0x60 ./Drivers/STM32H7xx_HAL_Driver/stm32h7xx_hal_uart.o
                0x00000000080054d4                HAL_UART_Init
 .text.UARTEx_SetNbDataToProcess
                0x0000000008005534       0x44 ./Drivers/STM32H7xx_HAL_Driver/stm32h7xx_hal_uart_ex.o
 .text.HAL_UARTEx_DisableFifoMode
                0x0000000008005578       0x36 ./Drivers/STM32H7xx_HAL_Driver/stm32h7xx_hal_uart_ex.o
                0x0000000008005578                HAL_UARTEx_DisableFifoMode
 .text.HAL_UARTEx_SetTxFifoThreshold
                0x00000000080055ae       0x48 ./Drivers/STM32H7xx_HAL_Driver/stm32h7xx_hal_uart_ex.o
                0x00000000080055ae                HAL_UARTEx_SetTxFifoThreshold
 .text.HAL_UARTEx_SetRxFifoThreshold
                0x00000000080055f6       0x48 ./Drivers/STM32H7xx_HAL_Driver/stm32h7xx_hal_uart_ex.o
                0x00000000080055f6                HAL_UARTEx_SetRxFifoThreshold
 *fill*         0x000000000800563e        0x2 
 .text.SDMMC_Init
                0x0000000008005640       0x34 ./Drivers/STM32H7xx_HAL_Driver/stm32h7xx_ll_sdmmc.o
                0x0000000008005640                SDMMC_Init
 .text.SDMMC_ReadFIFO
                0x0000000008005674        0x6 ./Drivers/STM32H7xx_HAL_Driver/stm32h7xx_ll_sdmmc.o
                0x0000000008005674                SDMMC_ReadFIFO
 .text.SDMMC_WriteFIFO
                0x000000000800567a        0xa ./Drivers/STM32H7xx_HAL_Driver/stm32h7xx_ll_sdmmc.o
                0x000000000800567a                SDMMC_WriteFIFO
 .text.SDMMC_PowerState_ON
                0x0000000008005684        0xc ./Drivers/STM32H7xx_HAL_Driver/stm32h7xx_ll_sdmmc.o
                0x0000000008005684                SDMMC_PowerState_ON
 .text.SDMMC_PowerState_OFF
                0x0000000008005690        0xc ./Drivers/STM32H7xx_HAL_Driver/stm32h7xx_ll_sdmmc.o
                0x0000000008005690                SDMMC_PowerState_OFF
 .text.SDMMC_GetPowerState
                0x000000000800569c        0x8 ./Drivers/STM32H7xx_HAL_Driver/stm32h7xx_ll_sdmmc.o
                0x000000000800569c                SDMMC_GetPowerState
 .text.SDMMC_SendCommand
                0x00000000080056a4       0x28 ./Drivers/STM32H7xx_HAL_Driver/stm32h7xx_ll_sdmmc.o
                0x00000000080056a4                SDMMC_SendCommand
 .text.SDMMC_GetResponse
                0x00000000080056cc        0x6 ./Drivers/STM32H7xx_HAL_Driver/stm32h7xx_ll_sdmmc.o
                0x00000000080056cc                SDMMC_GetResponse
 .text.SDMMC_ConfigData
                0x00000000080056d2       0x26 ./Drivers/STM32H7xx_HAL_Driver/stm32h7xx_ll_sdmmc.o
                0x00000000080056d2                SDMMC_ConfigData
 .text.SDMMC_CmdGoIdleState
                0x00000000080056f8       0x50 ./Drivers/STM32H7xx_HAL_Driver/stm32h7xx_ll_sdmmc.o
                0x00000000080056f8                SDMMC_CmdGoIdleState
 .text.SDMMC_GetCmdResp1
                0x0000000008005748      0x128 ./Drivers/STM32H7xx_HAL_Driver/stm32h7xx_ll_sdmmc.o
                0x0000000008005748                SDMMC_GetCmdResp1
 .text.SDMMC_CmdBlockLength
                0x0000000008005870       0x32 ./Drivers/STM32H7xx_HAL_Driver/stm32h7xx_ll_sdmmc.o
                0x0000000008005870                SDMMC_CmdBlockLength
 .text.SDMMC_CmdReadSingleBlock
                0x00000000080058a2       0x32 ./Drivers/STM32H7xx_HAL_Driver/stm32h7xx_ll_sdmmc.o
                0x00000000080058a2                SDMMC_CmdReadSingleBlock
 .text.SDMMC_CmdReadMultiBlock
                0x00000000080058d4       0x32 ./Drivers/STM32H7xx_HAL_Driver/stm32h7xx_ll_sdmmc.o
                0x00000000080058d4                SDMMC_CmdReadMultiBlock
 .text.SDMMC_CmdWriteSingleBlock
                0x0000000008005906       0x32 ./Drivers/STM32H7xx_HAL_Driver/stm32h7xx_ll_sdmmc.o
                0x0000000008005906                SDMMC_CmdWriteSingleBlock
 .text.SDMMC_CmdWriteMultiBlock
                0x0000000008005938       0x32 ./Drivers/STM32H7xx_HAL_Driver/stm32h7xx_ll_sdmmc.o
                0x0000000008005938                SDMMC_CmdWriteMultiBlock
 *fill*         0x000000000800596a        0x2 
 .text.SDMMC_CmdStopTransfer
                0x000000000800596c       0x54 ./Drivers/STM32H7xx_HAL_Driver/stm32h7xx_ll_sdmmc.o
                0x000000000800596c                SDMMC_CmdStopTransfer
 .text.SDMMC_CmdSelDesel
                0x00000000080059c0       0x32 ./Drivers/STM32H7xx_HAL_Driver/stm32h7xx_ll_sdmmc.o
                0x00000000080059c0                SDMMC_CmdSelDesel
 .text.SDMMC_CmdAppCommand
                0x00000000080059f2       0x32 ./Drivers/STM32H7xx_HAL_Driver/stm32h7xx_ll_sdmmc.o
                0x00000000080059f2                SDMMC_CmdAppCommand
 .text.SDMMC_CmdBusWidth
                0x0000000008005a24       0x32 ./Drivers/STM32H7xx_HAL_Driver/stm32h7xx_ll_sdmmc.o
                0x0000000008005a24                SDMMC_CmdBusWidth
 .text.SDMMC_CmdSendSCR
                0x0000000008005a56       0x32 ./Drivers/STM32H7xx_HAL_Driver/stm32h7xx_ll_sdmmc.o
                0x0000000008005a56                SDMMC_CmdSendSCR
 .text.SDMMC_CmdSendStatus
                0x0000000008005a88       0x32 ./Drivers/STM32H7xx_HAL_Driver/stm32h7xx_ll_sdmmc.o
                0x0000000008005a88                SDMMC_CmdSendStatus
 .text.SDMMC_CmdStatusRegister
                0x0000000008005aba       0x32 ./Drivers/STM32H7xx_HAL_Driver/stm32h7xx_ll_sdmmc.o
                0x0000000008005aba                SDMMC_CmdStatusRegister
 .text.SDMMC_GetCmdResp2
                0x0000000008005aec       0x50 ./Drivers/STM32H7xx_HAL_Driver/stm32h7xx_ll_sdmmc.o
                0x0000000008005aec                SDMMC_GetCmdResp2
 .text.SDMMC_CmdSendCID
                0x0000000008005b3c       0x2c ./Drivers/STM32H7xx_HAL_Driver/stm32h7xx_ll_sdmmc.o
                0x0000000008005b3c                SDMMC_CmdSendCID
 .text.SDMMC_CmdSendCSD
                0x0000000008005b68       0x2c ./Drivers/STM32H7xx_HAL_Driver/stm32h7xx_ll_sdmmc.o
                0x0000000008005b68                SDMMC_CmdSendCSD
 .text.SDMMC_GetCmdResp3
                0x0000000008005b94       0x48 ./Drivers/STM32H7xx_HAL_Driver/stm32h7xx_ll_sdmmc.o
                0x0000000008005b94                SDMMC_GetCmdResp3
 .text.SDMMC_CmdAppOperCommand
                0x0000000008005bdc       0x2c ./Drivers/STM32H7xx_HAL_Driver/stm32h7xx_ll_sdmmc.o
                0x0000000008005bdc                SDMMC_CmdAppOperCommand
 .text.SDMMC_GetCmdResp6
                0x0000000008005c08       0x88 ./Drivers/STM32H7xx_HAL_Driver/stm32h7xx_ll_sdmmc.o
                0x0000000008005c08                SDMMC_GetCmdResp6
 .text.SDMMC_CmdSetRelAdd
                0x0000000008005c90       0x32 ./Drivers/STM32H7xx_HAL_Driver/stm32h7xx_ll_sdmmc.o
                0x0000000008005c90                SDMMC_CmdSetRelAdd
 *fill*         0x0000000008005cc2        0x2 
 .text.SDMMC_GetCmdResp7
                0x0000000008005cc4       0x54 ./Drivers/STM32H7xx_HAL_Driver/stm32h7xx_ll_sdmmc.o
                0x0000000008005cc4                SDMMC_GetCmdResp7
 .text.SDMMC_CmdOperCond
                0x0000000008005d18       0x30 ./Drivers/STM32H7xx_HAL_Driver/stm32h7xx_ll_sdmmc.o
                0x0000000008005d18                SDMMC_CmdOperCond
 .text.fx_app_thread_entry
                0x0000000008005d48       0x20 ./FileX/App/app_filex.o
                0x0000000008005d48                fx_app_thread_entry
 .text.MX_FileX_Init
                0x0000000008005d68       0x5c ./FileX/App/app_filex.o
                0x0000000008005d68                MX_FileX_Init
 .text.fx_stm32_sd_get_status
                0x0000000008005dc4       0x14 ./FileX/Target/fx_stm32_sd_driver_glue.o
                0x0000000008005dc4                fx_stm32_sd_get_status
 .text.fx_stm32_sd_read_blocks
                0x0000000008005dd8       0x14 ./FileX/Target/fx_stm32_sd_driver_glue.o
                0x0000000008005dd8                fx_stm32_sd_read_blocks
 .text.fx_stm32_sd_write_blocks
                0x0000000008005dec       0x14 ./FileX/Target/fx_stm32_sd_driver_glue.o
                0x0000000008005dec                fx_stm32_sd_write_blocks
 .text.HAL_SD_TxCpltCallback
                0x0000000008005e00        0xc ./FileX/Target/fx_stm32_sd_driver_glue.o
                0x0000000008005e00                HAL_SD_TxCpltCallback
 .text.HAL_SD_RxCpltCallback
                0x0000000008005e0c        0xc ./FileX/Target/fx_stm32_sd_driver_glue.o
                0x0000000008005e0c                HAL_SD_RxCpltCallback
 .text._fx_directory_entry_read
                0x0000000008005e18      0x488 ./Middlewares/FileX/File System/FileX/Core/fx_directory_entry_read.o
                0x0000000008005e18                _fx_directory_entry_read
 .text._fx_directory_entry_write
                0x00000000080062a0      0x692 ./Middlewares/FileX/File System/FileX/Core/fx_directory_entry_write.o
                0x00000000080062a0                _fx_directory_entry_write
 *fill*         0x0000000008006932        0x2 
 .text._fx_directory_information_get
                0x0000000008006934      0x120 ./Middlewares/FileX/File System/FileX/Core/fx_directory_information_get.o
                0x0000000008006934                _fx_directory_information_get
 .text._fx_directory_name_extract
                0x0000000008006a54       0x5a ./Middlewares/FileX/File System/FileX/Core/fx_directory_name_extract.o
                0x0000000008006a54                _fx_directory_name_extract
 *fill*         0x0000000008006aae        0x2 
 .text._fx_directory_search
                0x0000000008006ab0      0x514 ./Middlewares/FileX/File System/FileX/Core/fx_directory_search.o
                0x0000000008006ab0                _fx_directory_search
 .text._fx_file_close
                0x0000000008006fc4       0xd0 ./Middlewares/FileX/File System/FileX/Core/fx_file_close.o
                0x0000000008006fc4                _fx_file_close
 .text._fx_file_extended_seek
                0x0000000008007094      0x1e4 ./Middlewares/FileX/File System/FileX/Core/fx_file_extended_seek.o
                0x0000000008007094                _fx_file_extended_seek
 .text._fx_file_open
                0x0000000008007278      0x340 ./Middlewares/FileX/File System/FileX/Core/fx_file_open.o
                0x0000000008007278                _fx_file_open
 .text._fx_file_read
                0x00000000080075b8      0x284 ./Middlewares/FileX/File System/FileX/Core/fx_file_read.o
                0x00000000080075b8                _fx_file_read
 .text._fx_file_seek
                0x000000000800783c        0x8 ./Middlewares/FileX/File System/FileX/Core/fx_file_seek.o
                0x000000000800783c                _fx_file_seek
 .text._fx_media_boot_info_extract
                0x0000000008007844       0xb0 ./Middlewares/FileX/File System/FileX/Core/fx_media_boot_info_extract.o
                0x0000000008007844                _fx_media_boot_info_extract
 .text._fx_media_flush
                0x00000000080078f4      0x1d4 ./Middlewares/FileX/File System/FileX/Core/fx_media_flush.o
                0x00000000080078f4                _fx_media_flush
 .text._fx_media_open
                0x0000000008007ac8      0x54c ./Middlewares/FileX/File System/FileX/Core/fx_media_open.o
                0x0000000008007ac8                _fx_media_open
 .text._fx_utility_partition_get
                0x0000000008008014       0x64 ./Middlewares/FileX/File System/FileX/Core/fx_partition_offset_calculate.o
                0x0000000008008014                _fx_utility_partition_get
 .text._fx_partition_offset_calculate
                0x0000000008008078       0xbc ./Middlewares/FileX/File System/FileX/Core/fx_partition_offset_calculate.o
                0x0000000008008078                _fx_partition_offset_calculate
 .text._fx_system_initialize
                0x0000000008008134       0xa4 ./Middlewares/FileX/File System/FileX/Core/fx_system_initialize.o
                0x0000000008008134                _fx_system_initialize
 .text._fx_system_timer_entry
                0x00000000080081d8      0x11c ./Middlewares/FileX/File System/FileX/Core/fx_system_timer_entry.o
                0x00000000080081d8                _fx_system_timer_entry
 .text._fx_utility_16_unsigned_read
                0x00000000080082f4        0x4 ./Middlewares/FileX/File System/FileX/Core/fx_utility_16_unsigned_read.o
                0x00000000080082f4                _fx_utility_16_unsigned_read
 .text._fx_utility_16_unsigned_write
                0x00000000080082f8        0x8 ./Middlewares/FileX/File System/FileX/Core/fx_utility_16_unsigned_write.o
                0x00000000080082f8                _fx_utility_16_unsigned_write
 .text._fx_utility_32_unsigned_read
                0x0000000008008300        0x4 ./Middlewares/FileX/File System/FileX/Core/fx_utility_32_unsigned_read.o
                0x0000000008008300                _fx_utility_32_unsigned_read
 .text._fx_utility_32_unsigned_write
                0x0000000008008304       0x10 ./Middlewares/FileX/File System/FileX/Core/fx_utility_32_unsigned_write.o
                0x0000000008008304                _fx_utility_32_unsigned_write
 .text._fx_utility_FAT_entry_read
                0x0000000008008314      0x276 ./Middlewares/FileX/File System/FileX/Core/fx_utility_FAT_entry_read.o
                0x0000000008008314                _fx_utility_FAT_entry_read
 .text._fx_utility_FAT_flush
                0x000000000800858a      0x29a ./Middlewares/FileX/File System/FileX/Core/fx_utility_FAT_flush.o
                0x000000000800858a                _fx_utility_FAT_flush
 .text._fx_utility_FAT_map_flush
                0x0000000008008824       0xce ./Middlewares/FileX/File System/FileX/Core/fx_utility_FAT_map_flush.o
                0x0000000008008824                _fx_utility_FAT_map_flush
 .text._fx_utility_logical_sector_cache_entry_read
                0x00000000080088f2      0x2e2 ./Middlewares/FileX/File System/FileX/Core/fx_utility_logical_sector_cache_entry_read.o
                0x00000000080088f2                _fx_utility_logical_sector_cache_entry_read
 *fill*         0x0000000008008bd4        0x4 
 .text._fx_utility_logical_sector_flush
                0x0000000008008bd8      0x2a8 ./Middlewares/FileX/File System/FileX/Core/fx_utility_logical_sector_flush.o
                0x0000000008008bd8                _fx_utility_logical_sector_flush
 .text._fx_utility_logical_sector_read
                0x0000000008008e80      0x2ce ./Middlewares/FileX/File System/FileX/Core/fx_utility_logical_sector_read.o
                0x0000000008008e80                _fx_utility_logical_sector_read
 .text._fx_utility_logical_sector_write
                0x000000000800914e      0x17a ./Middlewares/FileX/File System/FileX/Core/fx_utility_logical_sector_write.o
                0x000000000800914e                _fx_utility_logical_sector_write
 .text._fx_utility_memory_copy
                0x00000000080092c8        0xa ./Middlewares/FileX/File System/FileX/Core/fx_utility_memory_copy.o
                0x00000000080092c8                _fx_utility_memory_copy
 *fill*         0x00000000080092d2        0x2 
 .text._fxe_directory_information_get
                0x00000000080092d4       0x7c ./Middlewares/FileX/File System/FileX/Core/fxe_directory_information_get.o
                0x00000000080092d4                _fxe_directory_information_get
 .text._fxe_file_close
                0x0000000008009350       0x34 ./Middlewares/FileX/File System/FileX/Core/fxe_file_close.o
                0x0000000008009350                _fxe_file_close
 .text._fxe_file_open
                0x0000000008009384       0x9c ./Middlewares/FileX/File System/FileX/Core/fxe_file_open.o
                0x0000000008009384                _fxe_file_open
 .text._fxe_file_read
                0x0000000008009420       0x3c ./Middlewares/FileX/File System/FileX/Core/fxe_file_read.o
                0x0000000008009420                _fxe_file_read
 .text._fxe_file_seek
                0x000000000800945c       0x34 ./Middlewares/FileX/File System/FileX/Core/fxe_file_seek.o
                0x000000000800945c                _fxe_file_seek
 .text._fxe_media_flush
                0x0000000008009490       0x34 ./Middlewares/FileX/File System/FileX/Core/fxe_media_flush.o
                0x0000000008009490                _fxe_media_flush
 .text._fxe_media_open
                0x00000000080094c4       0xe0 ./Middlewares/FileX/File System/FileX/Core/fxe_media_open.o
                0x00000000080094c4                _fxe_media_open
 .text.sd_read_data
                0x00000000080095a4       0xd0 ./Middlewares/Interfaces/File System/FileX SD interface/fx_stm32_sd_driver.o
 .text.sd_write_data
                0x0000000008009674       0xd0 ./Middlewares/Interfaces/File System/FileX SD interface/fx_stm32_sd_driver.o
 .text.check_sd_status.constprop.0
                0x0000000008009744       0x24 ./Middlewares/Interfaces/File System/FileX SD interface/fx_stm32_sd_driver.o
 .text.fx_stm32_sd_driver
                0x0000000008009768      0x13c ./Middlewares/Interfaces/File System/FileX SD interface/fx_stm32_sd_driver.o
                0x0000000008009768                fx_stm32_sd_driver
 .text._tx_byte_allocate
                0x00000000080098a4       0xb4 ./Middlewares/ThreadX/RTOS/ThreadX/Core/tx_byte_allocate.o
                0x00000000080098a4                _tx_byte_allocate
 .text._tx_byte_pool_cleanup
                0x0000000008009958       0x78 ./Middlewares/ThreadX/RTOS/ThreadX/Core/tx_byte_pool_cleanup.o
                0x0000000008009958                _tx_byte_pool_cleanup
 .text._tx_byte_pool_create
                0x00000000080099d0       0x80 ./Middlewares/ThreadX/RTOS/ThreadX/Core/tx_byte_pool_create.o
                0x00000000080099d0                _tx_byte_pool_create
 .text._tx_byte_pool_search
                0x0000000008009a50       0xd8 ./Middlewares/ThreadX/RTOS/ThreadX/Core/tx_byte_pool_search.o
                0x0000000008009a50                _tx_byte_pool_search
 .text._tx_initialize_high_level
                0x0000000008009b28       0x70 ./Middlewares/ThreadX/RTOS/ThreadX/Core/tx_initialize_high_level.o
                0x0000000008009b28                _tx_initialize_high_level
 .text._tx_initialize_kernel_enter
                0x0000000008009b98       0x48 ./Middlewares/ThreadX/RTOS/ThreadX/Core/tx_initialize_kernel_enter.o
                0x0000000008009b98                _tx_initialize_kernel_enter
 .text._tx_mutex_cleanup
                0x0000000008009be0       0x78 ./Middlewares/ThreadX/RTOS/ThreadX/Core/tx_mutex_cleanup.o
                0x0000000008009be0                _tx_mutex_cleanup
 .text._tx_mutex_thread_release
                0x0000000008009c58       0x44 ./Middlewares/ThreadX/RTOS/ThreadX/Core/tx_mutex_cleanup.o
                0x0000000008009c58                _tx_mutex_thread_release
 .text._tx_mutex_create
                0x0000000008009c9c       0x60 ./Middlewares/ThreadX/RTOS/ThreadX/Core/tx_mutex_create.o
                0x0000000008009c9c                _tx_mutex_create
 .text._tx_mutex_get
                0x0000000008009cfc       0xfc ./Middlewares/ThreadX/RTOS/ThreadX/Core/tx_mutex_get.o
                0x0000000008009cfc                _tx_mutex_get
 .text._tx_mutex_prioritize
                0x0000000008009df8       0x98 ./Middlewares/ThreadX/RTOS/ThreadX/Core/tx_mutex_prioritize.o
                0x0000000008009df8                _tx_mutex_prioritize
 .text._tx_mutex_priority_change
                0x0000000008009e90       0xb4 ./Middlewares/ThreadX/RTOS/ThreadX/Core/tx_mutex_priority_change.o
                0x0000000008009e90                _tx_mutex_priority_change
 .text._tx_mutex_put
                0x0000000008009f44      0x1d0 ./Middlewares/ThreadX/RTOS/ThreadX/Core/tx_mutex_put.o
                0x0000000008009f44                _tx_mutex_put
 .text._tx_semaphore_cleanup
                0x000000000800a114       0x78 ./Middlewares/ThreadX/RTOS/ThreadX/Core/tx_semaphore_cleanup.o
                0x000000000800a114                _tx_semaphore_cleanup
 .text._tx_semaphore_create
                0x000000000800a18c       0x54 ./Middlewares/ThreadX/RTOS/ThreadX/Core/tx_semaphore_create.o
                0x000000000800a18c                _tx_semaphore_create
 .text._tx_semaphore_delete
                0x000000000800a1e0       0x94 ./Middlewares/ThreadX/RTOS/ThreadX/Core/tx_semaphore_delete.o
                0x000000000800a1e0                _tx_semaphore_delete
 .text._tx_semaphore_get
                0x000000000800a274       0x84 ./Middlewares/ThreadX/RTOS/ThreadX/Core/tx_semaphore_get.o
                0x000000000800a274                _tx_semaphore_get
 .text._tx_semaphore_put
                0x000000000800a2f8       0x50 ./Middlewares/ThreadX/RTOS/ThreadX/Core/tx_semaphore_put.o
                0x000000000800a2f8                _tx_semaphore_put
 .text._tx_thread_create
                0x000000000800a348      0x120 ./Middlewares/ThreadX/RTOS/ThreadX/Core/tx_thread_create.o
                0x000000000800a348                _tx_thread_create
 .text._tx_thread_identify
                0x000000000800a468       0x14 ./Middlewares/ThreadX/RTOS/ThreadX/Core/tx_thread_identify.o
                0x000000000800a468                _tx_thread_identify
 .text._tx_thread_initialize
                0x000000000800a47c       0x64 ./Middlewares/ThreadX/RTOS/ThreadX/Core/tx_thread_initialize.o
                0x000000000800a47c                _tx_thread_initialize
 .text._tx_thread_preemption_change
                0x000000000800a4e0       0x74 ./Middlewares/ThreadX/RTOS/ThreadX/Core/tx_thread_preemption_change.o
                0x000000000800a4e0                _tx_thread_preemption_change
 .text._tx_thread_shell_entry
                0x000000000800a554       0x54 ./Middlewares/ThreadX/RTOS/ThreadX/Core/tx_thread_shell_entry.o
                0x000000000800a554                _tx_thread_shell_entry
 .text._tx_thread_system_preempt_check
                0x000000000800a5a8       0x3c ./Middlewares/ThreadX/RTOS/ThreadX/Core/tx_thread_system_preempt_check.o
                0x000000000800a5a8                _tx_thread_system_preempt_check
 .text._tx_thread_system_resume
                0x000000000800a5e4       0xe8 ./Middlewares/ThreadX/RTOS/ThreadX/Core/tx_thread_system_resume.o
                0x000000000800a5e4                _tx_thread_system_resume
 .text._tx_thread_system_suspend
                0x000000000800a6cc       0xf0 ./Middlewares/ThreadX/RTOS/ThreadX/Core/tx_thread_system_suspend.o
                0x000000000800a6cc                _tx_thread_system_suspend
 .text._tx_thread_time_slice
                0x000000000800a7bc       0x5c ./Middlewares/ThreadX/RTOS/ThreadX/Core/tx_thread_time_slice.o
                0x000000000800a7bc                _tx_thread_time_slice
 .text._tx_thread_timeout
                0x000000000800a818       0x40 ./Middlewares/ThreadX/RTOS/ThreadX/Core/tx_thread_timeout.o
                0x000000000800a818                _tx_thread_timeout
 .text._tx_time_get
                0x000000000800a858       0x14 ./Middlewares/ThreadX/RTOS/ThreadX/Core/tx_time_get.o
                0x000000000800a858                _tx_time_get