../Core/Src/sd_card.c:371:9:SD_IsDetected.part.0	8	static
../Core/Src/sd_card.c:63:6:HAL_GPIO_EXTI_Callback	0	static
../Core/Src/sd_card.c:91:6:sd_fx_start	24	static
../Core/Src/sd_card.c:70:6:sd_init	8	static
../Core/Src/sd_card.c:102:6:sd_fx_stop	0	static
../Core/Src/sd_card.c:86:6:sd_deinit	0	static
../Core/Src/sd_card.c:108:6:sd_update_card_state	8	static
../Core/Src/sd_card.c:179:6:sd_fx_file_create	8	static
../Core/Src/sd_card.c:164:6:sd_create_file	16	static
../Core/Src/sd_card.c:197:6:sd_fx_file_write	16	static
../Core/Src/sd_card.c:129:6:sd_print_to_file	16	static
../Core/Src/sd_card.c:144:6:sd_print_to_file_CR	16	static
../Core/Src/sd_card.c:251:6:sd_fx_get_file_size	72	static
../Core/Src/sd_card.c:296:6:sd_fx_file_read	24	static
../Core/Src/sd_card.c:371:9:SD_IsDetected	0	static
