14:50:57 **** Incremental Build of configuration Debug for project bootloader_CM7 ****
make -j8 all 
arm-none-eabi-gcc "../Core/Src/fw_update.c" -mcpu=cortex-m7 -std=gnu11 -g3 -DDEBUG -DCORE_CM7 -DUSE_HAL_DRIVER -DSTM32H747xx -DTX_INCLUDE_USER_DEFINE_FILE -DFX_INCLUDE_USER_DEFINE_FILE -c -I../Core/Inc -I../../Drivers/STM32H7xx_HAL_Driver/Inc -I../../Drivers/STM32H7xx_HAL_Driver/Inc/Legacy -I../../Drivers/CMSIS/Device/ST/STM32H7xx/Include -I../../Drivers/CMSIS/Include -I../AZURE_RTOS/App -I../FileX/App -I../FileX/Target -I../../Middlewares/ST/filex/common/inc/ -I../../Middlewares/ST/filex/ports/generic/inc/ -I../../Middlewares/ST/threadx/common/inc/ -I../../Middlewares/ST/threadx/ports/cortex_m7/gnu/inc/ -O0 -ffunction-sections -fdata-sections -Wall -fstack-usage -fcyclomatic-complexity -MMD -MP -MF"Core/Src/fw_update.d" -MT"Core/Src/fw_update.o" --specs=nano.specs -mfpu=fpv5-d16 -mfloat-abi=hard -mthumb -o "Core/Src/fw_update.o"
arm-none-eabi-gcc -o "bootloader_CM7.elf" @"objects.list"   -mcpu=cortex-m7 -T"C:\Users\mille\Sandbox\Bootloader_FX_uSD_STM32H747I-DISCO\bootloader\CM7\STM32H747XIHX_FLASH.ld" --specs=nosys.specs -Wl,-Map="bootloader_CM7.map" -Wl,--gc-sections -static --specs=nano.specs -mfpu=fpv5-d16 -mfloat-abi=hard -mthumb -Wl,--start-group -lc -lm -Wl,--end-group
Finished building target: bootloader_CM7.elf
 
arm-none-eabi-size   bootloader_CM7.elf 
arm-none-eabi-objdump -h -S  bootloader_CM7.elf  > "bootloader_CM7.list"
   text	   data	    bss	    dec	    hex	filename
  54736	    132	  77940	 132808	  206c8	bootloader_CM7.elf
Finished building: default.size.stdout
 
Finished building: bootloader_CM7.list
 
14:51:03 **** Incremental Build of configuration Debug for project bootloader_CM7 ****
make -j8 all 
arm-none-eabi-size   bootloader_CM7.elf 
   text	   data	    bss	    dec	    hex	filename
  54736	    132	  77940	 132808	  206c8	bootloader_CM7.elf
Finished building: default.size.stdout
 
14:54:40 **** Incremental Build of configuration Debug for project bootloader_CM7 ****
make -j8 all 
arm-none-eabi-gcc "../Core/Src/fw_update.c" -mcpu=cortex-m7 -std=gnu11 -g3 -DDEBUG -DCORE_CM7 -DUSE_HAL_DRIVER -DSTM32H747xx -DTX_INCLUDE_USER_DEFINE_FILE -DFX_INCLUDE_USER_DEFINE_FILE -c -I../Core/Inc -I../../Drivers/STM32H7xx_HAL_Driver/Inc -I../../Drivers/STM32H7xx_HAL_Driver/Inc/Legacy -I../../Drivers/CMSIS/Device/ST/STM32H7xx/Include -I../../Drivers/CMSIS/Include -I../AZURE_RTOS/App -I../FileX/App -I../FileX/Target -I../../Middlewares/ST/filex/common/inc/ -I../../Middlewares/ST/filex/ports/generic/inc/ -I../../Middlewares/ST/threadx/common/inc/ -I../../Middlewares/ST/threadx/ports/cortex_m7/gnu/inc/ -O0 -ffunction-sections -fdata-sections -Wall -fstack-usage -fcyclomatic-complexity -MMD -MP -MF"Core/Src/fw_update.d" -MT"Core/Src/fw_update.o" --specs=nano.specs -mfpu=fpv5-d16 -mfloat-abi=hard -mthumb -o "Core/Src/fw_update.o"
arm-none-eabi-gcc -o "bootloader_CM7.elf" @"objects.list"   -mcpu=cortex-m7 -T"C:\Users\mille\Sandbox\Bootloader_FX_uSD_STM32H747I-DISCO\bootloader\CM7\STM32H747XIHX_FLASH.ld" --specs=nosys.specs -Wl,-Map="bootloader_CM7.map" -Wl,--gc-sections -static --specs=nano.specs -mfpu=fpv5-d16 -mfloat-abi=hard -mthumb -Wl,--start-group -lc -lm -Wl,--end-group
Finished building target: bootloader_CM7.elf
 
arm-none-eabi-size   bootloader_CM7.elf 
arm-none-eabi-objdump -h -S  bootloader_CM7.elf  > "bootloader_CM7.list"
   text	   data	    bss	    dec	    hex	filename
  54744	    132	  77940	 132816	  206d0	bootloader_CM7.elf
Finished building: default.size.stdout
 
Finished building: bootloader_CM7.list
 
15:00:56 **** Incremental Build of configuration Debug for project bootloader_CM7 ****
make -j8 all 
arm-none-eabi-size   bootloader_CM7.elf 
   text	   data	    bss	    dec	    hex	filename
  54744	    132	  77940	 132816	  206d0	bootloader_CM7.elf
Finished building: default.size.stdout
 
15:01:06 **** Incremental Build of configuration Debug for project bootloader_CM7 ****
make -j8 all 
arm-none-eabi-size   bootloader_CM7.elf 
   text	   data	    bss	    dec	    hex	filename
  54744	    132	  77940	 132816	  206d0	bootloader_CM7.elf
Finished building: default.size.stdout
 
15:01:28 **** Incremental Build of configuration Debug for project bootloader_CM7 ****
make -j8 all 
arm-none-eabi-size   bootloader_CM7.elf 
   text	   data	    bss	    dec	    hex	filename
  54744	    132	  77940	 132816	  206d0	bootloader_CM7.elf
Finished building: default.size.stdout
 
15:03:05 **** Incremental Build of configuration Debug for project bootloader_CM7 ****
make -j8 all 
arm-none-eabi-size   bootloader_CM7.elf 
   text	   data	    bss	    dec	    hex	filename
  54744	    132	  77940	 132816	  206d0	bootloader_CM7.elf
Finished building: default.size.stdout
 
15:05:23 **** Incremental Build of configuration Debug for project bootloader_CM7 ****
make -j8 all 
arm-none-eabi-gcc "../Core/Src/fw_update.c" -mcpu=cortex-m7 -std=gnu11 -g3 -DDEBUG -DCORE_CM7 -DUSE_HAL_DRIVER -DSTM32H747xx -DTX_INCLUDE_USER_DEFINE_FILE -DFX_INCLUDE_USER_DEFINE_FILE -c -I../Core/Inc -I../../Drivers/STM32H7xx_HAL_Driver/Inc -I../../Drivers/STM32H7xx_HAL_Driver/Inc/Legacy -I../../Drivers/CMSIS/Device/ST/STM32H7xx/Include -I../../Drivers/CMSIS/Include -I../AZURE_RTOS/App -I../FileX/App -I../FileX/Target -I../../Middlewares/ST/filex/common/inc/ -I../../Middlewares/ST/filex/ports/generic/inc/ -I../../Middlewares/ST/threadx/common/inc/ -I../../Middlewares/ST/threadx/ports/cortex_m7/gnu/inc/ -O0 -ffunction-sections -fdata-sections -Wall -fstack-usage -fcyclomatic-complexity -MMD -MP -MF"Core/Src/fw_update.d" -MT"Core/Src/fw_update.o" --specs=nano.specs -mfpu=fpv5-d16 -mfloat-abi=hard -mthumb -o "Core/Src/fw_update.o"
arm-none-eabi-gcc -o "bootloader_CM7.elf" @"objects.list"   -mcpu=cortex-m7 -T"C:\Users\mille\Sandbox\Bootloader_FX_uSD_STM32H747I-DISCO\bootloader\CM7\STM32H747XIHX_FLASH.ld" --specs=nosys.specs -Wl,-Map="bootloader_CM7.map" -Wl,--gc-sections -static --specs=nano.specs -mfpu=fpv5-d16 -mfloat-abi=hard -mthumb -Wl,--start-group -lc -lm -Wl,--end-group
Finished building target: bootloader_CM7.elf
 
arm-none-eabi-size   bootloader_CM7.elf 
arm-none-eabi-objdump -h -S  bootloader_CM7.elf  > "bootloader_CM7.list"
   text	   data	    bss	    dec	    hex	filename
  54644	    132	  77940	 132716	  2066c	bootloader_CM7.elf
Finished building: default.size.stdout
 
Finished building: bootloader_CM7.list
 
16:34:24 **** Incremental Build of configuration Debug for project bootloader_CM7 ****
make -j8 all 
arm-none-eabi-gcc "../Core/Src/fw_update.c" -mcpu=cortex-m7 -std=gnu11 -g3 -DDEBUG -DCORE_CM7 -DUSE_HAL_DRIVER -DSTM32H747xx -DTX_INCLUDE_USER_DEFINE_FILE -DFX_INCLUDE_USER_DEFINE_FILE -c -I../Core/Inc -I../../Drivers/STM32H7xx_HAL_Driver/Inc -I../../Drivers/STM32H7xx_HAL_Driver/Inc/Legacy -I../../Drivers/CMSIS/Device/ST/STM32H7xx/Include -I../../Drivers/CMSIS/Include -I../AZURE_RTOS/App -I../FileX/App -I../FileX/Target -I../../Middlewares/ST/filex/common/inc/ -I../../Middlewares/ST/filex/ports/generic/inc/ -I../../Middlewares/ST/threadx/common/inc/ -I../../Middlewares/ST/threadx/ports/cortex_m7/gnu/inc/ -O0 -ffunction-sections -fdata-sections -Wall -fstack-usage -fcyclomatic-complexity -MMD -MP -MF"Core/Src/fw_update.d" -MT"Core/Src/fw_update.o" --specs=nano.specs -mfpu=fpv5-d16 -mfloat-abi=hard -mthumb -o "Core/Src/fw_update.o"
arm-none-eabi-gcc -o "bootloader_CM7.elf" @"objects.list"   -mcpu=cortex-m7 -T"C:\Users\mille\Sandbox\Bootloader_FX_uSD_STM32H747I-DISCO\bootloader\CM7\STM32H747XIHX_FLASH.ld" --specs=nosys.specs -Wl,-Map="bootloader_CM7.map" -Wl,--gc-sections -static --specs=nano.specs -mfpu=fpv5-d16 -mfloat-abi=hard -mthumb -Wl,--start-group -lc -lm -Wl,--end-group
Finished building target: bootloader_CM7.elf
 
arm-none-eabi-size   bootloader_CM7.elf 
arm-none-eabi-objdump -h -S  bootloader_CM7.elf  > "bootloader_CM7.list"
   text	   data	    bss	    dec	    hex	filename
  54644	    132	  77960	 132736	  20680	bootloader_CM7.elf
Finished building: default.size.stdout
 
Finished building: bootloader_CM7.list
 
16:36:24 **** Incremental Build of configuration Debug for project bootloader_CM7 ****
make -j8 all 
arm-none-eabi-gcc "../Core/Src/fw_update.c" -mcpu=cortex-m7 -std=gnu11 -g3 -DDEBUG -DCORE_CM7 -DUSE_HAL_DRIVER -DSTM32H747xx -DTX_INCLUDE_USER_DEFINE_FILE -DFX_INCLUDE_USER_DEFINE_FILE -c -I../Core/Inc -I../../Drivers/STM32H7xx_HAL_Driver/Inc -I../../Drivers/STM32H7xx_HAL_Driver/Inc/Legacy -I../../Drivers/CMSIS/Device/ST/STM32H7xx/Include -I../../Drivers/CMSIS/Include -I../AZURE_RTOS/App -I../FileX/App -I../FileX/Target -I../../Middlewares/ST/filex/common/inc/ -I../../Middlewares/ST/filex/ports/generic/inc/ -I../../Middlewares/ST/threadx/common/inc/ -I../../Middlewares/ST/threadx/ports/cortex_m7/gnu/inc/ -O0 -ffunction-sections -fdata-sections -Wall -fstack-usage -fcyclomatic-complexity -MMD -MP -MF"Core/Src/fw_update.d" -MT"Core/Src/fw_update.o" --specs=nano.specs -mfpu=fpv5-d16 -mfloat-abi=hard -mthumb -o "Core/Src/fw_update.o"
arm-none-eabi-gcc -o "bootloader_CM7.elf" @"objects.list"   -mcpu=cortex-m7 -T"C:\Users\mille\Sandbox\Bootloader_FX_uSD_STM32H747I-DISCO\bootloader\CM7\STM32H747XIHX_FLASH.ld" --specs=nosys.specs -Wl,-Map="bootloader_CM7.map" -Wl,--gc-sections -static --specs=nano.specs -mfpu=fpv5-d16 -mfloat-abi=hard -mthumb -Wl,--start-group -lc -lm -Wl,--end-group
Finished building target: bootloader_CM7.elf
 
arm-none-eabi-size   bootloader_CM7.elf 
arm-none-eabi-objdump -h -S  bootloader_CM7.elf  > "bootloader_CM7.list"
   text	   data	    bss	    dec	    hex	filename
  54684	    132	  77960	 132776	  206a8	bootloader_CM7.elf
Finished building: default.size.stdout
 
Finished building: bootloader_CM7.list
 
16:36:41 **** Incremental Build of configuration Debug for project bootloader_CM7 ****
make -j8 all 
arm-none-eabi-gcc "../Core/Src/fw_update.c" -mcpu=cortex-m7 -std=gnu11 -g3 -DDEBUG -DCORE_CM7 -DUSE_HAL_DRIVER -DSTM32H747xx -DTX_INCLUDE_USER_DEFINE_FILE -DFX_INCLUDE_USER_DEFINE_FILE -c -I../Core/Inc -I../../Drivers/STM32H7xx_HAL_Driver/Inc -I../../Drivers/STM32H7xx_HAL_Driver/Inc/Legacy -I../../Drivers/CMSIS/Device/ST/STM32H7xx/Include -I../../Drivers/CMSIS/Include -I../AZURE_RTOS/App -I../FileX/App -I../FileX/Target -I../../Middlewares/ST/filex/common/inc/ -I../../Middlewares/ST/filex/ports/generic/inc/ -I../../Middlewares/ST/threadx/common/inc/ -I../../Middlewares/ST/threadx/ports/cortex_m7/gnu/inc/ -O0 -ffunction-sections -fdata-sections -Wall -fstack-usage -fcyclomatic-complexity -MMD -MP -MF"Core/Src/fw_update.d" -MT"Core/Src/fw_update.o" --specs=nano.specs -mfpu=fpv5-d16 -mfloat-abi=hard -mthumb -o "Core/Src/fw_update.o"
arm-none-eabi-gcc -o "bootloader_CM7.elf" @"objects.list"   -mcpu=cortex-m7 -T"C:\Users\mille\Sandbox\Bootloader_FX_uSD_STM32H747I-DISCO\bootloader\CM7\STM32H747XIHX_FLASH.ld" --specs=nosys.specs -Wl,-Map="bootloader_CM7.map" -Wl,--gc-sections -static --specs=nano.specs -mfpu=fpv5-d16 -mfloat-abi=hard -mthumb -Wl,--start-group -lc -lm -Wl,--end-group
Finished building target: bootloader_CM7.elf
 
arm-none-eabi-size   bootloader_CM7.elf 
arm-none-eabi-objdump -h -S  bootloader_CM7.elf  > "bootloader_CM7.list"
   text	   data	    bss	    dec	    hex	filename
  54684	    132	  77960	 132776	  206a8	bootloader_CM7.elf
Finished building: default.size.stdout
 
Finished building: bootloader_CM7.list
 
16:39:00 **** Incremental Build of configuration Debug for project bootloader_CM7 ****
make -j8 all 
arm-none-eabi-gcc "../Core/Src/fw_update.c" -mcpu=cortex-m7 -std=gnu11 -g3 -DDEBUG -DCORE_CM7 -DUSE_HAL_DRIVER -DSTM32H747xx -DTX_INCLUDE_USER_DEFINE_FILE -DFX_INCLUDE_USER_DEFINE_FILE -c -I../Core/Inc -I../../Drivers/STM32H7xx_HAL_Driver/Inc -I../../Drivers/STM32H7xx_HAL_Driver/Inc/Legacy -I../../Drivers/CMSIS/Device/ST/STM32H7xx/Include -I../../Drivers/CMSIS/Include -I../AZURE_RTOS/App -I../FileX/App -I../FileX/Target -I../../Middlewares/ST/filex/common/inc/ -I../../Middlewares/ST/filex/ports/generic/inc/ -I../../Middlewares/ST/threadx/common/inc/ -I../../Middlewares/ST/threadx/ports/cortex_m7/gnu/inc/ -O0 -ffunction-sections -fdata-sections -Wall -fstack-usage -fcyclomatic-complexity -MMD -MP -MF"Core/Src/fw_update.d" -MT"Core/Src/fw_update.o" --specs=nano.specs -mfpu=fpv5-d16 -mfloat-abi=hard -mthumb -o "Core/Src/fw_update.o"
arm-none-eabi-gcc -o "bootloader_CM7.elf" @"objects.list"   -mcpu=cortex-m7 -T"C:\Users\mille\Sandbox\Bootloader_FX_uSD_STM32H747I-DISCO\bootloader\CM7\STM32H747XIHX_FLASH.ld" --specs=nosys.specs -Wl,-Map="bootloader_CM7.map" -Wl,--gc-sections -static --specs=nano.specs -mfpu=fpv5-d16 -mfloat-abi=hard -mthumb -Wl,--start-group -lc -lm -Wl,--end-group
Finished building target: bootloader_CM7.elf
 
arm-none-eabi-size   bootloader_CM7.elf 
arm-none-eabi-objdump -h -S  bootloader_CM7.elf  > "bootloader_CM7.list"
   text	   data	    bss	    dec	    hex	filename
  54768	    132	  77960	 132860	  206fc	bootloader_CM7.elf
Finished building: default.size.stdout
 
Finished building: bootloader_CM7.list
 
